/media/sanjai/New Volume1/projects/wind turbine/stm32/STWINBX1_WIFI-main/Middlewares/ST/filex/common/src/fx_partition_offset_calculate.c:319:7:_fx_utility_partition_get	8	static
/media/sanjai/New Volume1/projects/wind turbine/stm32/STWINBX1_WIFI-main/Middlewares/ST/filex/common/src/fx_partition_offset_calculate.c:129:7:_fx_partition_offset_calculate	64	static
/media/sanjai/New Volume1/projects/wind turbine/stm32/STWINBX1_WIFI-main/Middlewares/ST/filex/common/src/fx_partition_offset_calculate.c:423:7:_fx_partition_offset_calculate_extended	56	static
