/media/sanjai/New Volume/projects/wind turbine/stm32/STWINBX1_WIFI-main/Middlewares/ST/netxduo/common/drivers/wifi/mxchip/mx_wifi_azure_rtos.c:18:6:mx_wifi_alloc_init	16	static
/media/sanjai/New Volume/projects/wind turbine/stm32/STWINBX1_WIFI-main/Middlewares/ST/netxduo/common/drivers/wifi/mxchip/mx_wifi_azure_rtos.c:32:7:mx_wifi_malloc	16	static
/media/sanjai/New Volume/projects/wind turbine/stm32/STWINBX1_WIFI-main/Middlewares/ST/netxduo/common/drivers/wifi/mxchip/mx_wifi_azure_rtos.c:52:6:mx_wifi_free	8	static
/media/sanjai/New Volume/projects/wind turbine/stm32/STWINBX1_WIFI-main/Middlewares/ST/netxduo/common/drivers/wifi/mxchip/mx_wifi_azure_rtos.c:63:12:mx_net_buffer_alloc	24	static
/media/sanjai/New Volume/projects/wind turbine/stm32/STWINBX1_WIFI-main/Middlewares/ST/netxduo/common/drivers/wifi/mxchip/mx_wifi_azure_rtos.c:101:6:mx_net_buffer_free	16	static
/media/sanjai/New Volume/projects/wind turbine/stm32/STWINBX1_WIFI-main/Middlewares/ST/netxduo/common/drivers/wifi/mxchip/mx_wifi_azure_rtos.c:112:6:mx_wifi_thread_init	72	static
/media/sanjai/New Volume/projects/wind turbine/stm32/STWINBX1_WIFI-main/Middlewares/ST/netxduo/common/drivers/wifi/mxchip/mx_wifi_azure_rtos.c:135:6:mx_wifi_thread_deinit	8	static
/media/sanjai/New Volume/projects/wind turbine/stm32/STWINBX1_WIFI-main/Middlewares/ST/netxduo/common/drivers/wifi/mxchip/mx_wifi_azure_rtos.c:146:6:mx_wifi_thread_terminate	0	static
/media/sanjai/New Volume/projects/wind turbine/stm32/STWINBX1_WIFI-main/Middlewares/ST/netxduo/common/drivers/wifi/mxchip/mx_wifi_azure_rtos.c:152:6:mx_wifi_fifo_init	40	static
/media/sanjai/New Volume/projects/wind turbine/stm32/STWINBX1_WIFI-main/Middlewares/ST/netxduo/common/drivers/wifi/mxchip/mx_wifi_azure_rtos.c:170:6:mx_wifi_fifo_deinit	8	static
/media/sanjai/New Volume/projects/wind turbine/stm32/STWINBX1_WIFI-main/Middlewares/ST/netxduo/common/drivers/wifi/mxchip/mx_wifi_azure_rtos.c:181:6:mx_wifi_fifo_push	0	static
/media/sanjai/New Volume/projects/wind turbine/stm32/STWINBX1_WIFI-main/Middlewares/ST/netxduo/common/drivers/wifi/mxchip/mx_wifi_azure_rtos.c:189:7:mx_wifi_fifo_pop	16	static
