/media/sanjai/New Volume/projects/wind turbine/stm32/STWINBX1_WIFI-main/Middlewares/ST/netxduo/common/drivers/wifi/mxchip/nx_driver_emw3080.c:287:13:_nx_driver_emw3080_interface_status	0	static
/media/sanjai/New Volume/projects/wind turbine/stm32/STWINBX1_WIFI-main/Middlewares/ST/netxduo/common/drivers/wifi/mxchip/nx_driver_emw3080.c:281:13:_nx_driver_emw3080_packet_received	8	static
/media/sanjai/New Volume/projects/wind turbine/stm32/STWINBX1_WIFI-main/Middlewares/ST/netxduo/common/drivers/wifi/mxchip/nx_driver_emw3080.c:222:6:_nx_driver_emw3080_packet_send	16	static
/media/sanjai/New Volume/projects/wind turbine/stm32/STWINBX1_WIFI-main/Middlewares/ST/netxduo/common/drivers/wifi/mxchip/nx_driver_emw3080.c:204:6:_nx_driver_emw3080_disable	8	static
/media/sanjai/New Volume/projects/wind turbine/stm32/STWINBX1_WIFI-main/Middlewares/ST/netxduo/common/drivers/wifi/mxchip/nx_driver_emw3080.c:130:6:_nx_driver_emw3080_enable	184	static
/media/sanjai/New Volume/projects/wind turbine/stm32/STWINBX1_WIFI-main/Middlewares/ST/netxduo/common/drivers/wifi/mxchip/nx_driver_emw3080.c:95:13:_nx_driver_emw3080_initialize	8	static
/media/sanjai/New Volume/projects/wind turbine/stm32/STWINBX1_WIFI-main/Middlewares/ST/netxduo/common/drivers/wifi/mxchip/nx_driver_emw3080.c:301:13:_nx_mx_wifi_status_changed	0	static
/media/sanjai/New Volume/projects/wind turbine/stm32/STWINBX1_WIFI-main/Middlewares/ST/netxduo/common/drivers/wifi/mxchip/nx_driver_emw3080.c:265:13:_nx_netlink_input_callback	16	static
/media/sanjai/New Volume/projects/wind turbine/stm32/STWINBX1_WIFI-main/Middlewares/ST/netxduo/common/drivers/wifi/mxchip/nx_driver_emw3080.c:57:6:nx_driver_emw3080_entry	32	static,ignoring_inline_asm
/media/sanjai/New Volume/projects/wind turbine/stm32/STWINBX1_WIFI-main/Middlewares/ST/netxduo/common/drivers/wifi/mxchip/nx_driver_emw3080.c:75:6:nx_driver_emw3080_interrupt	0	static
