/media/sanjai/New Volume/projects/wind turbine/stm32/STWINBX1_WIFI-main/Drivers/BSP/Components/mx_wifi/core/mx_wifi_ipc.c:372:6:mapi_reboot_event_callback	0	static
/media/sanjai/New Volume/projects/wind turbine/stm32/STWINBX1_WIFI-main/Drivers/BSP/Components/mx_wifi/core/mx_wifi_ipc.c:382:6:mapi_fota_status_event_callback	16	static
/media/sanjai/New Volume/projects/wind turbine/stm32/STWINBX1_WIFI-main/Drivers/BSP/Components/mx_wifi/core/mx_wifi_ipc.c:456:6:mapi_wifi_netlink_input_callback	24	static
/media/sanjai/New Volume/projects/wind turbine/stm32/STWINBX1_WIFI-main/Drivers/BSP/Components/mx_wifi/core/mx_wifi_ipc.c:410:6:mapi_wifi_status_event_callback	16	static
/media/sanjai/New Volume/projects/wind turbine/stm32/STWINBX1_WIFI-main/Drivers/BSP/Components/mx_wifi/core/mx_wifi_ipc.c:197:9:mipc_init	16	static
/media/sanjai/New Volume/projects/wind turbine/stm32/STWINBX1_WIFI-main/Drivers/BSP/Components/mx_wifi/core/mx_wifi_ipc.c:210:9:mipc_deinit	8	static
/media/sanjai/New Volume/projects/wind turbine/stm32/STWINBX1_WIFI-main/Drivers/BSP/Components/mx_wifi/core/mx_wifi_ipc.c:222:9:mipc_request	40	static
/media/sanjai/New Volume/projects/wind turbine/stm32/STWINBX1_WIFI-main/Drivers/BSP/Components/mx_wifi/core/mx_wifi_ipc.c:322:6:mipc_poll	16	static
/media/sanjai/New Volume/projects/wind turbine/stm32/STWINBX1_WIFI-main/Drivers/BSP/Components/mx_wifi/core/mx_wifi_ipc.c:349:9:mipc_echo	40	static
