../Application/User/Core/feature_extraction.c:177:13:FeatureExtraction_ThreadEntry	1176	static
../Application/User/Core/feature_extraction.c:57:6:FeatureExtraction_Init	64	static
../Application/User/Core/feature_extraction.c:121:6:FeatureExtraction_Start	8	static
../Application/User/Core/feature_extraction.c:142:11:FeatureExtraction_GetOutputQueue	0	static
../Application/User/Core/feature_extraction.c:151:10:FeatureExtraction_GetPacketCount	0	static
../Application/User/Core/feature_extraction.c:160:10:FeatureExtraction_GetErrorCount	0	static
