/media/sanjai/New Volume/projects/wind turbine/stm32/STWINBX1_WIFI-main/Projects/STWIN.box/Applications/NetXDuo/Nx_WebServer/Core/Src/main.c:76:6:HAL_GPIO_EXTI_Rising_Callback	8	static
/media/sanjai/New Volume/projects/wind turbine/stm32/STWINBX1_WIFI-main/Projects/STWIN.box/Applications/NetXDuo/Nx_WebServer/Core/Src/main.c:100:6:Success_Handler	8	static
/media/sanjai/New Volume/projects/wind turbine/stm32/STWINBX1_WIFI-main/Projects/STWIN.box/Applications/NetXDuo/Nx_WebServer/Core/Src/main.c:344:1:__io_putchar	16	static
/media/sanjai/New Volume/projects/wind turbine/stm32/STWINBX1_WIFI-main/Projects/STWIN.box/Applications/NetXDuo/Nx_WebServer/Core/Src/main.c:370:6:HAL_TIM_PeriodElapsedCallback	0	static
/media/sanjai/New Volume/projects/wind turbine/stm32/STWINBX1_WIFI-main/Projects/STWIN.box/Applications/NetXDuo/Nx_WebServer/Core/Src/main.c:389:6:Error_Handler	8	static
/media/sanjai/New Volume/projects/wind turbine/stm32/STWINBX1_WIFI-main/Projects/STWIN.box/Applications/NetXDuo/Nx_WebServer/Core/Src/main.c:180:6:SystemClock_Config	136	static
/media/sanjai/New Volume/projects/wind turbine/stm32/STWINBX1_WIFI-main/Projects/STWIN.box/Applications/NetXDuo/Nx_WebServer/Core/Src/main.c:115:5:main	8	static
