/media/sanjai/New Volume/projects/wind turbine/stm32/STWINBX1_WIFI-main/Middlewares/ST/netxduo/addons/dhcp/nxd_dhcp_client.c:5052:6:_nx_dhcp_timeout_entry	0	static
/media/sanjai/New Volume/projects/wind turbine/stm32/STWINBX1_WIFI-main/Middlewares/ST/netxduo/addons/dhcp/nxd_dhcp_client.c:4998:6:_nx_dhcp_udp_receive_notify	0	static
/media/sanjai/New Volume/projects/wind turbine/stm32/STWINBX1_WIFI-main/Middlewares/ST/netxduo/addons/dhcp/nxd_dhcp_client.c:7896:14:_nx_dhcp_add_option_parameter_request.isra	28	static
/media/sanjai/New Volume/projects/wind turbine/stm32/STWINBX1_WIFI-main/Middlewares/ST/netxduo/addons/dhcp/nxd_dhcp_client.c:6593:14:_nx_dhcp_send_request_internal	120	static
/media/sanjai/New Volume/projects/wind turbine/stm32/STWINBX1_WIFI-main/Middlewares/ST/netxduo/addons/dhcp/nxd_dhcp_client.c:7670:14:_nx_dhcp_get_option_value	12	static
/media/sanjai/New Volume/projects/wind turbine/stm32/STWINBX1_WIFI-main/Middlewares/ST/netxduo/addons/dhcp/nxd_dhcp_client.c:7381:14:_nx_dhcp_extract_information	32	static
/media/sanjai/New Volume/projects/wind turbine/stm32/STWINBX1_WIFI-main/Middlewares/ST/netxduo/addons/dhcp/nxd_dhcp_client.c:529:7:_nxe_dhcp_clear_broadcast_flag	16	static
/media/sanjai/New Volume/projects/wind turbine/stm32/STWINBX1_WIFI-main/Middlewares/ST/netxduo/addons/dhcp/nxd_dhcp_client.c:606:7:_nx_dhcp_clear_broadcast_flag	16	static
/media/sanjai/New Volume/projects/wind turbine/stm32/STWINBX1_WIFI-main/Middlewares/ST/netxduo/addons/dhcp/nxd_dhcp_client.c:679:7:_nxe_dhcp_interface_clear_broadcast_flag	24	static
/media/sanjai/New Volume/projects/wind turbine/stm32/STWINBX1_WIFI-main/Middlewares/ST/netxduo/addons/dhcp/nxd_dhcp_client.c:762:7:_nx_dhcp_interface_clear_broadcast_flag	24	static
/media/sanjai/New Volume/projects/wind turbine/stm32/STWINBX1_WIFI-main/Middlewares/ST/netxduo/addons/dhcp/nxd_dhcp_client.c:837:7:_nxe_dhcp_packet_pool_set	0	static
/media/sanjai/New Volume/projects/wind turbine/stm32/STWINBX1_WIFI-main/Middlewares/ST/netxduo/addons/dhcp/nxd_dhcp_client.c:917:7:_nx_dhcp_packet_pool_set	0	static
/media/sanjai/New Volume/projects/wind turbine/stm32/STWINBX1_WIFI-main/Middlewares/ST/netxduo/addons/dhcp/nxd_dhcp_client.c:985:6:_nxe_dhcp_reinitialize	40	static
/media/sanjai/New Volume/projects/wind turbine/stm32/STWINBX1_WIFI-main/Middlewares/ST/netxduo/addons/dhcp/nxd_dhcp_client.c:1050:6:_nx_dhcp_reinitialize	40	static
/media/sanjai/New Volume/projects/wind turbine/stm32/STWINBX1_WIFI-main/Middlewares/ST/netxduo/addons/dhcp/nxd_dhcp_client.c:1117:6:_nxe_dhcp_interface_reinitialize	40	static,ignoring_inline_asm
/media/sanjai/New Volume/projects/wind turbine/stm32/STWINBX1_WIFI-main/Middlewares/ST/netxduo/addons/dhcp/nxd_dhcp_client.c:1198:6:_nx_dhcp_interface_reinitialize	40	static
/media/sanjai/New Volume/projects/wind turbine/stm32/STWINBX1_WIFI-main/Middlewares/ST/netxduo/addons/dhcp/nxd_dhcp_client.c:5116:14:_nx_dhcp_thread_entry	112	static
/media/sanjai/New Volume/projects/wind turbine/stm32/STWINBX1_WIFI-main/Middlewares/ST/netxduo/addons/dhcp/nxd_dhcp_client.c:1336:7:_nxe_dhcp_request_client_ip	24	static
/media/sanjai/New Volume/projects/wind turbine/stm32/STWINBX1_WIFI-main/Middlewares/ST/netxduo/addons/dhcp/nxd_dhcp_client.c:1417:7:_nx_dhcp_request_client_ip	24	static
/media/sanjai/New Volume/projects/wind turbine/stm32/STWINBX1_WIFI-main/Middlewares/ST/netxduo/addons/dhcp/nxd_dhcp_client.c:1494:7:_nxe_dhcp_interface_request_client_ip	24	static
/media/sanjai/New Volume/projects/wind turbine/stm32/STWINBX1_WIFI-main/Middlewares/ST/netxduo/addons/dhcp/nxd_dhcp_client.c:1563:7:_nx_dhcp_interface_request_client_ip	24	static
/media/sanjai/New Volume/projects/wind turbine/stm32/STWINBX1_WIFI-main/Middlewares/ST/netxduo/addons/dhcp/nxd_dhcp_client.c:1713:7:_nx_dhcp_delete	24	static,ignoring_inline_asm
/media/sanjai/New Volume/projects/wind turbine/stm32/STWINBX1_WIFI-main/Middlewares/ST/netxduo/addons/dhcp/nxd_dhcp_client.c:1638:7:_nxe_dhcp_delete	0	static,ignoring_inline_asm
/media/sanjai/New Volume/projects/wind turbine/stm32/STWINBX1_WIFI-main/Middlewares/ST/netxduo/addons/dhcp/nxd_dhcp_client.c:1980:7:_nxe_dhcp_interface_force_renew	24	static
/media/sanjai/New Volume/projects/wind turbine/stm32/STWINBX1_WIFI-main/Middlewares/ST/netxduo/addons/dhcp/nxd_dhcp_client.c:2048:7:_nx_dhcp_interface_force_renew	24	static
/media/sanjai/New Volume/projects/wind turbine/stm32/STWINBX1_WIFI-main/Middlewares/ST/netxduo/addons/dhcp/nxd_dhcp_client.c:1908:7:_nx_dhcp_force_renew	16	static
/media/sanjai/New Volume/projects/wind turbine/stm32/STWINBX1_WIFI-main/Middlewares/ST/netxduo/addons/dhcp/nxd_dhcp_client.c:1843:7:_nxe_dhcp_force_renew	16	static,ignoring_inline_asm
/media/sanjai/New Volume/projects/wind turbine/stm32/STWINBX1_WIFI-main/Middlewares/ST/netxduo/addons/dhcp/nxd_dhcp_client.c:2299:6:_nxe_dhcp_interface_decline	24	static,ignoring_inline_asm
/media/sanjai/New Volume/projects/wind turbine/stm32/STWINBX1_WIFI-main/Middlewares/ST/netxduo/addons/dhcp/nxd_dhcp_client.c:2374:6:_nx_dhcp_interface_decline	24	static
/media/sanjai/New Volume/projects/wind turbine/stm32/STWINBX1_WIFI-main/Middlewares/ST/netxduo/addons/dhcp/nxd_dhcp_client.c:2227:7:_nx_dhcp_decline	16	static
/media/sanjai/New Volume/projects/wind turbine/stm32/STWINBX1_WIFI-main/Middlewares/ST/netxduo/addons/dhcp/nxd_dhcp_client.c:2159:7:_nxe_dhcp_decline	16	static,ignoring_inline_asm
/media/sanjai/New Volume/projects/wind turbine/stm32/STWINBX1_WIFI-main/Middlewares/ST/netxduo/addons/dhcp/nxd_dhcp_client.c:2620:6:_nxe_dhcp_interface_release	24	static,ignoring_inline_asm
/media/sanjai/New Volume/projects/wind turbine/stm32/STWINBX1_WIFI-main/Middlewares/ST/netxduo/addons/dhcp/nxd_dhcp_client.c:2697:7:_nx_dhcp_interface_release	24	static
/media/sanjai/New Volume/projects/wind turbine/stm32/STWINBX1_WIFI-main/Middlewares/ST/netxduo/addons/dhcp/nxd_dhcp_client.c:2549:6:_nx_dhcp_release	16	static
/media/sanjai/New Volume/projects/wind turbine/stm32/STWINBX1_WIFI-main/Middlewares/ST/netxduo/addons/dhcp/nxd_dhcp_client.c:2484:7:_nxe_dhcp_release	16	static,ignoring_inline_asm
/media/sanjai/New Volume/projects/wind turbine/stm32/STWINBX1_WIFI-main/Middlewares/ST/netxduo/addons/dhcp/nxd_dhcp_client.c:2829:7:_nxe_dhcp_start	32	static,ignoring_inline_asm
/media/sanjai/New Volume/projects/wind turbine/stm32/STWINBX1_WIFI-main/Middlewares/ST/netxduo/addons/dhcp/nxd_dhcp_client.c:2899:7:_nx_dhcp_start	24	static
/media/sanjai/New Volume/projects/wind turbine/stm32/STWINBX1_WIFI-main/Middlewares/ST/netxduo/addons/dhcp/nxd_dhcp_client.c:2995:7:_nxe_dhcp_interface_start	24	static,ignoring_inline_asm
/media/sanjai/New Volume/projects/wind turbine/stm32/STWINBX1_WIFI-main/Middlewares/ST/netxduo/addons/dhcp/nxd_dhcp_client.c:3073:7:_nx_dhcp_interface_start	24	static
/media/sanjai/New Volume/projects/wind turbine/stm32/STWINBX1_WIFI-main/Middlewares/ST/netxduo/addons/dhcp/nxd_dhcp_client.c:3245:7:_nxe_dhcp_interface_enable	24	static
/media/sanjai/New Volume/projects/wind turbine/stm32/STWINBX1_WIFI-main/Middlewares/ST/netxduo/addons/dhcp/nxd_dhcp_client.c:3319:7:_nx_dhcp_interface_enable	24	static
/media/sanjai/New Volume/projects/wind turbine/stm32/STWINBX1_WIFI-main/Middlewares/ST/netxduo/addons/dhcp/nxd_dhcp_client.c:219:7:_nx_dhcp_create	64	static,ignoring_inline_asm
/media/sanjai/New Volume/projects/wind turbine/stm32/STWINBX1_WIFI-main/Middlewares/ST/netxduo/addons/dhcp/nxd_dhcp_client.c:131:7:_nxe_dhcp_create	8	static
/media/sanjai/New Volume/projects/wind turbine/stm32/STWINBX1_WIFI-main/Middlewares/ST/netxduo/addons/dhcp/nxd_dhcp_client.c:3440:6:_nxe_dhcp_interface_disable	24	static,ignoring_inline_asm
/media/sanjai/New Volume/projects/wind turbine/stm32/STWINBX1_WIFI-main/Middlewares/ST/netxduo/addons/dhcp/nxd_dhcp_client.c:3516:6:_nx_dhcp_interface_disable	24	static
/media/sanjai/New Volume/projects/wind turbine/stm32/STWINBX1_WIFI-main/Middlewares/ST/netxduo/addons/dhcp/nxd_dhcp_client.c:3591:7:_nxe_dhcp_state_change_notify	24	static,ignoring_inline_asm
/media/sanjai/New Volume/projects/wind turbine/stm32/STWINBX1_WIFI-main/Middlewares/ST/netxduo/addons/dhcp/nxd_dhcp_client.c:3656:7:_nx_dhcp_state_change_notify	16	static
/media/sanjai/New Volume/projects/wind turbine/stm32/STWINBX1_WIFI-main/Middlewares/ST/netxduo/addons/dhcp/nxd_dhcp_client.c:3716:7:_nxe_dhcp_interface_state_change_notify	16	static
/media/sanjai/New Volume/projects/wind turbine/stm32/STWINBX1_WIFI-main/Middlewares/ST/netxduo/addons/dhcp/nxd_dhcp_client.c:3781:7:_nx_dhcp_interface_state_change_notify	16	static
/media/sanjai/New Volume/projects/wind turbine/stm32/STWINBX1_WIFI-main/Middlewares/ST/netxduo/addons/dhcp/nxd_dhcp_client.c:3993:7:_nxe_dhcp_interface_stop	24	static,ignoring_inline_asm
/media/sanjai/New Volume/projects/wind turbine/stm32/STWINBX1_WIFI-main/Middlewares/ST/netxduo/addons/dhcp/nxd_dhcp_client.c:4073:6:_nx_dhcp_interface_stop	24	static
/media/sanjai/New Volume/projects/wind turbine/stm32/STWINBX1_WIFI-main/Middlewares/ST/netxduo/addons/dhcp/nxd_dhcp_client.c:3912:7:_nx_dhcp_stop	16	static
/media/sanjai/New Volume/projects/wind turbine/stm32/STWINBX1_WIFI-main/Middlewares/ST/netxduo/addons/dhcp/nxd_dhcp_client.c:3839:7:_nxe_dhcp_stop	16	static,ignoring_inline_asm
/media/sanjai/New Volume/projects/wind turbine/stm32/STWINBX1_WIFI-main/Middlewares/ST/netxduo/addons/dhcp/nxd_dhcp_client.c:4356:7:_nxe_dhcp_user_option_request	24	static,ignoring_inline_asm
/media/sanjai/New Volume/projects/wind turbine/stm32/STWINBX1_WIFI-main/Middlewares/ST/netxduo/addons/dhcp/nxd_dhcp_client.c:4416:7:_nx_dhcp_user_option_request	16	static
/media/sanjai/New Volume/projects/wind turbine/stm32/STWINBX1_WIFI-main/Middlewares/ST/netxduo/addons/dhcp/nxd_dhcp_client.c:4512:7:_nxe_dhcp_interface_user_option_retrieve	24	static,ignoring_inline_asm
/media/sanjai/New Volume/projects/wind turbine/stm32/STWINBX1_WIFI-main/Middlewares/ST/netxduo/addons/dhcp/nxd_dhcp_client.c:4595:7:_nx_dhcp_interface_user_option_retrieve	24	static
/media/sanjai/New Volume/projects/wind turbine/stm32/STWINBX1_WIFI-main/Middlewares/ST/netxduo/addons/dhcp/nxd_dhcp_client.c:4281:7:_nx_dhcp_user_option_retrieve	32	static
/media/sanjai/New Volume/projects/wind turbine/stm32/STWINBX1_WIFI-main/Middlewares/ST/netxduo/addons/dhcp/nxd_dhcp_client.c:4208:7:_nxe_dhcp_user_option_retrieve	32	static,ignoring_inline_asm
/media/sanjai/New Volume/projects/wind turbine/stm32/STWINBX1_WIFI-main/Middlewares/ST/netxduo/addons/dhcp/nxd_dhcp_client.c:4756:8:_nxe_dhcp_user_option_convert	0	static
/media/sanjai/New Volume/projects/wind turbine/stm32/STWINBX1_WIFI-main/Middlewares/ST/netxduo/addons/dhcp/nxd_dhcp_client.c:4815:8:_nx_dhcp_user_option_convert	0	static
/media/sanjai/New Volume/projects/wind turbine/stm32/STWINBX1_WIFI-main/Middlewares/ST/netxduo/addons/dhcp/nxd_dhcp_client.c:4875:7:_nxe_dhcp_user_option_add_callback_set	16	static
/media/sanjai/New Volume/projects/wind turbine/stm32/STWINBX1_WIFI-main/Middlewares/ST/netxduo/addons/dhcp/nxd_dhcp_client.c:4936:7:_nx_dhcp_user_option_add_callback_set	16	static
/media/sanjai/New Volume/projects/wind turbine/stm32/STWINBX1_WIFI-main/Middlewares/ST/netxduo/addons/dhcp/nxd_dhcp_client.c:6228:7:_nxe_dhcp_send_request	24	static
/media/sanjai/New Volume/projects/wind turbine/stm32/STWINBX1_WIFI-main/Middlewares/ST/netxduo/addons/dhcp/nxd_dhcp_client.c:6303:7:_nx_dhcp_send_request	24	static
/media/sanjai/New Volume/projects/wind turbine/stm32/STWINBX1_WIFI-main/Middlewares/ST/netxduo/addons/dhcp/nxd_dhcp_client.c:6381:7:_nxe_dhcp_interface_send_request	16	static,ignoring_inline_asm
/media/sanjai/New Volume/projects/wind turbine/stm32/STWINBX1_WIFI-main/Middlewares/ST/netxduo/addons/dhcp/nxd_dhcp_client.c:6464:7:_nx_dhcp_interface_send_request	24	static
/media/sanjai/New Volume/projects/wind turbine/stm32/STWINBX1_WIFI-main/Middlewares/ST/netxduo/addons/dhcp/nxd_dhcp_client.c:8470:6:_nxe_dhcp_server_address_get	24	static,ignoring_inline_asm
/media/sanjai/New Volume/projects/wind turbine/stm32/STWINBX1_WIFI-main/Middlewares/ST/netxduo/addons/dhcp/nxd_dhcp_client.c:8543:6:_nx_dhcp_server_address_get	24	static
/media/sanjai/New Volume/projects/wind turbine/stm32/STWINBX1_WIFI-main/Middlewares/ST/netxduo/addons/dhcp/nxd_dhcp_client.c:8620:6:_nxe_dhcp_interface_server_address_get	24	static,ignoring_inline_asm
/media/sanjai/New Volume/projects/wind turbine/stm32/STWINBX1_WIFI-main/Middlewares/ST/netxduo/addons/dhcp/nxd_dhcp_client.c:8694:6:_nx_dhcp_interface_server_address_get	24	static
/media/sanjai/New Volume/projects/wind turbine/stm32/STWINBX1_WIFI-main/Middlewares/ST/netxduo/addons/dhcp/nxd_dhcp_client.c:8862:6:_nxe_dhcp_set_interface_index	16	static
/media/sanjai/New Volume/projects/wind turbine/stm32/STWINBX1_WIFI-main/Middlewares/ST/netxduo/addons/dhcp/nxd_dhcp_client.c:8935:6:_nx_dhcp_set_interface_index	16	static
