/media/sanjai/New Volume/projects/wind turbine/stm32/STWINBX1_WIFI-main/Projects/STWIN.box/Applications/NetXDuo/Nx_WebServer/NetXDuo/App/app_netxduo.c:323:13:App_Main_Thread_Entry	24	static
/media/sanjai/New Volume/projects/wind turbine/stm32/STWINBX1_WIFI-main/Projects/STWIN.box/Applications/NetXDuo/Nx_WebServer/NetXDuo/App/app_netxduo.c:316:13:ip_address_change_notify_callback	0	static
/media/sanjai/New Volume/projects/wind turbine/stm32/STWINBX1_WIFI-main/Projects/STWIN.box/Applications/NetXDuo/Nx_WebServer/NetXDuo/App/app_netxduo.c:361:6:webserver_request_notify_callback	664	static
/media/sanjai/New Volume/projects/wind turbine/stm32/STWINBX1_WIFI-main/Projects/STWIN.box/Applications/NetXDuo/Nx_WebServer/NetXDuo/App/app_netxduo.c:517:6:LedThread_Entry	8	static
/media/sanjai/New Volume/projects/wind turbine/stm32/STWINBX1_WIFI-main/Projects/STWIN.box/Applications/NetXDuo/Nx_WebServer/NetXDuo/App/app_netxduo.c:471:6:nx_server_thread_entry	32	static
/media/sanjai/New Volume/projects/wind turbine/stm32/STWINBX1_WIFI-main/Projects/STWIN.box/Applications/NetXDuo/Nx_WebServer/NetXDuo/App/app_netxduo.c:114:6:MX_NetXDuo_Init	56	static
