/media/sanjai/New Volume1/projects/wind turbine/stm32/STWINBX1_WIFI-main/Drivers/STM32U5xx_HAL_Driver/Src/stm32u5xx_hal_rcc.c:2194:26:RCC_SetFlashLatencyFromMSIRange	24	static
/media/sanjai/New Volume1/projects/wind turbine/stm32/STWINBX1_WIFI-main/Drivers/STM32U5xx_HAL_Driver/Src/stm32u5xx_hal_rcc.c:360:19:HAL_RCC_DeInit	24	static
/media/sanjai/New Volume1/projects/wind turbine/stm32/STWINBX1_WIFI-main/Drivers/STM32U5xx_HAL_Driver/Src/stm32u5xx_hal_rcc.c:1673:6:HAL_RCC_MCOConfig	48	static
/media/sanjai/New Volume1/projects/wind turbine/stm32/STWINBX1_WIFI-main/Drivers/STM32U5xx_HAL_Driver/Src/stm32u5xx_hal_rcc.c:1722:10:HAL_RCC_GetSysClockFreq	8	static
/media/sanjai/New Volume1/projects/wind turbine/stm32/STWINBX1_WIFI-main/Drivers/STM32U5xx_HAL_Driver/Src/stm32u5xx_hal_rcc.c:1368:19:HAL_RCC_ClockConfig	32	static
/media/sanjai/New Volume1/projects/wind turbine/stm32/STWINBX1_WIFI-main/Drivers/STM32U5xx_HAL_Driver/Src/stm32u5xx_hal_rcc.c:542:19:HAL_RCC_OscConfig	40	static
/media/sanjai/New Volume1/projects/wind turbine/stm32/STWINBX1_WIFI-main/Drivers/STM32U5xx_HAL_Driver/Src/stm32u5xx_hal_rcc.c:1824:10:HAL_RCC_GetHCLKFreq	4	static
/media/sanjai/New Volume1/projects/wind turbine/stm32/STWINBX1_WIFI-main/Drivers/STM32U5xx_HAL_Driver/Src/stm32u5xx_hal_rcc.c:1836:10:HAL_RCC_GetPCLK1Freq	8	static
/media/sanjai/New Volume1/projects/wind turbine/stm32/STWINBX1_WIFI-main/Drivers/STM32U5xx_HAL_Driver/Src/stm32u5xx_hal_rcc.c:1848:10:HAL_RCC_GetPCLK2Freq	8	static
/media/sanjai/New Volume1/projects/wind turbine/stm32/STWINBX1_WIFI-main/Drivers/STM32U5xx_HAL_Driver/Src/stm32u5xx_hal_rcc.c:1860:10:HAL_RCC_GetPCLK3Freq	8	static
/media/sanjai/New Volume1/projects/wind turbine/stm32/STWINBX1_WIFI-main/Drivers/STM32U5xx_HAL_Driver/Src/stm32u5xx_hal_rcc.c:1872:6:HAL_RCC_GetOscConfig	4	static
/media/sanjai/New Volume1/projects/wind turbine/stm32/STWINBX1_WIFI-main/Drivers/STM32U5xx_HAL_Driver/Src/stm32u5xx_hal_rcc.c:1973:6:HAL_RCC_GetClockConfig	4	static
/media/sanjai/New Volume1/projects/wind turbine/stm32/STWINBX1_WIFI-main/Drivers/STM32U5xx_HAL_Driver/Src/stm32u5xx_hal_rcc.c:2008:10:HAL_RCC_GetResetSource	0	static
/media/sanjai/New Volume1/projects/wind turbine/stm32/STWINBX1_WIFI-main/Drivers/STM32U5xx_HAL_Driver/Src/stm32u5xx_hal_rcc.c:2031:6:HAL_RCC_EnableCSS	0	static
/media/sanjai/New Volume1/projects/wind turbine/stm32/STWINBX1_WIFI-main/Drivers/STM32U5xx_HAL_Driver/Src/stm32u5xx_hal_rcc.c:2058:13:HAL_RCC_CSSCallback	0	static
/media/sanjai/New Volume1/projects/wind turbine/stm32/STWINBX1_WIFI-main/Drivers/STM32U5xx_HAL_Driver/Src/stm32u5xx_hal_rcc.c:2041:6:HAL_RCC_NMI_IRQHandler	8	static
/media/sanjai/New Volume1/projects/wind turbine/stm32/STWINBX1_WIFI-main/Drivers/STM32U5xx_HAL_Driver/Src/stm32u5xx_hal_rcc.c:2087:6:HAL_RCC_ConfigAttributes	0	static
/media/sanjai/New Volume1/projects/wind turbine/stm32/STWINBX1_WIFI-main/Drivers/STM32U5xx_HAL_Driver/Src/stm32u5xx_hal_rcc.c:2144:19:HAL_RCC_GetConfigAttributes	0	static
