/media/sanjai/New Volume/projects/wind turbine/stm32/STWINBX1_WIFI-main/Drivers/STM32U5xx_HAL_Driver/Src/stm32u5xx_hal_dma_ex.c:4236:17:DMA_List_FindNode	32	static
/media/sanjai/New Volume/projects/wind turbine/stm32/STWINBX1_WIFI-main/Drivers/STM32U5xx_HAL_Driver/Src/stm32u5xx_hal_dma_ex.c:4628:13:DMA_List_UpdateStaticQueueNodesCLLR	20	static
/media/sanjai/New Volume/projects/wind turbine/stm32/STWINBX1_WIFI-main/Drivers/STM32U5xx_HAL_Driver/Src/stm32u5xx_hal_dma_ex.c:4552:13:DMA_List_UpdateDynamicQueueNodesCLLR	36	static
/media/sanjai/New Volume/projects/wind turbine/stm32/STWINBX1_WIFI-main/Drivers/STM32U5xx_HAL_Driver/Src/stm32u5xx_hal_dma_ex.c:604:19:HAL_DMAEx_List_Init	16	static
/media/sanjai/New Volume/projects/wind turbine/stm32/STWINBX1_WIFI-main/Drivers/STM32U5xx_HAL_Driver/Src/stm32u5xx_hal_dma_ex.c:673:19:HAL_DMAEx_List_DeInit	24	static
/media/sanjai/New Volume/projects/wind turbine/stm32/STWINBX1_WIFI-main/Drivers/STM32U5xx_HAL_Driver/Src/stm32u5xx_hal_dma_ex.c:817:19:HAL_DMAEx_List_Start	12	static
/media/sanjai/New Volume/projects/wind turbine/stm32/STWINBX1_WIFI-main/Drivers/STM32U5xx_HAL_Driver/Src/stm32u5xx_hal_dma_ex.c:879:19:HAL_DMAEx_List_Start_IT	4	static
/media/sanjai/New Volume/projects/wind turbine/stm32/STWINBX1_WIFI-main/Drivers/STM32U5xx_HAL_Driver/Src/stm32u5xx_hal_dma_ex.c:1047:19:HAL_DMAEx_List_BuildNode	20	static
/media/sanjai/New Volume/projects/wind turbine/stm32/STWINBX1_WIFI-main/Drivers/STM32U5xx_HAL_Driver/Src/stm32u5xx_hal_dma_ex.c:1122:19:HAL_DMAEx_List_GetNodeConfig	8	static
/media/sanjai/New Volume/projects/wind turbine/stm32/STWINBX1_WIFI-main/Drivers/STM32U5xx_HAL_Driver/Src/stm32u5xx_hal_dma_ex.c:1146:19:HAL_DMAEx_List_InsertNode	48	static
/media/sanjai/New Volume/projects/wind turbine/stm32/STWINBX1_WIFI-main/Drivers/STM32U5xx_HAL_Driver/Src/stm32u5xx_hal_dma_ex.c:1276:19:HAL_DMAEx_List_InsertNode_Head	12	static
/media/sanjai/New Volume/projects/wind turbine/stm32/STWINBX1_WIFI-main/Drivers/STM32U5xx_HAL_Driver/Src/stm32u5xx_hal_dma_ex.c:1355:19:HAL_DMAEx_List_InsertNode_Tail	20	static
/media/sanjai/New Volume/projects/wind turbine/stm32/STWINBX1_WIFI-main/Drivers/STM32U5xx_HAL_Driver/Src/stm32u5xx_hal_dma_ex.c:1442:19:HAL_DMAEx_List_RemoveNode	36	static
/media/sanjai/New Volume/projects/wind turbine/stm32/STWINBX1_WIFI-main/Drivers/STM32U5xx_HAL_Driver/Src/stm32u5xx_hal_dma_ex.c:1583:19:HAL_DMAEx_List_RemoveNode_Head	16	static
/media/sanjai/New Volume/projects/wind turbine/stm32/STWINBX1_WIFI-main/Drivers/STM32U5xx_HAL_Driver/Src/stm32u5xx_hal_dma_ex.c:1680:19:HAL_DMAEx_List_RemoveNode_Tail	20	static
/media/sanjai/New Volume/projects/wind turbine/stm32/STWINBX1_WIFI-main/Drivers/STM32U5xx_HAL_Driver/Src/stm32u5xx_hal_dma_ex.c:1775:19:HAL_DMAEx_List_ReplaceNode	56	static
/media/sanjai/New Volume/projects/wind turbine/stm32/STWINBX1_WIFI-main/Drivers/STM32U5xx_HAL_Driver/Src/stm32u5xx_hal_dma_ex.c:1938:19:HAL_DMAEx_List_ReplaceNode_Head	24	static
/media/sanjai/New Volume/projects/wind turbine/stm32/STWINBX1_WIFI-main/Drivers/STM32U5xx_HAL_Driver/Src/stm32u5xx_hal_dma_ex.c:2035:19:HAL_DMAEx_List_ReplaceNode_Tail	28	static
/media/sanjai/New Volume/projects/wind turbine/stm32/STWINBX1_WIFI-main/Drivers/STM32U5xx_HAL_Driver/Src/stm32u5xx_hal_dma_ex.c:2126:19:HAL_DMAEx_List_ResetQ	16	static
/media/sanjai/New Volume/projects/wind turbine/stm32/STWINBX1_WIFI-main/Drivers/STM32U5xx_HAL_Driver/Src/stm32u5xx_hal_dma_ex.c:2198:19:HAL_DMAEx_List_InsertQ	64	static
/media/sanjai/New Volume/projects/wind turbine/stm32/STWINBX1_WIFI-main/Drivers/STM32U5xx_HAL_Driver/Src/stm32u5xx_hal_dma_ex.c:2406:19:HAL_DMAEx_List_InsertQ_Head	36	static
/media/sanjai/New Volume/projects/wind turbine/stm32/STWINBX1_WIFI-main/Drivers/STM32U5xx_HAL_Driver/Src/stm32u5xx_hal_dma_ex.c:2543:19:HAL_DMAEx_List_InsertQ_Tail	56	static
/media/sanjai/New Volume/projects/wind turbine/stm32/STWINBX1_WIFI-main/Drivers/STM32U5xx_HAL_Driver/Src/stm32u5xx_hal_dma_ex.c:2679:19:HAL_DMAEx_List_SetCircularModeConfig	48	static
/media/sanjai/New Volume/projects/wind turbine/stm32/STWINBX1_WIFI-main/Drivers/STM32U5xx_HAL_Driver/Src/stm32u5xx_hal_dma_ex.c:2774:19:HAL_DMAEx_List_SetCircularMode	24	static
/media/sanjai/New Volume/projects/wind turbine/stm32/STWINBX1_WIFI-main/Drivers/STM32U5xx_HAL_Driver/Src/stm32u5xx_hal_dma_ex.c:2857:19:HAL_DMAEx_List_ClearCircularMode	12	static
/media/sanjai/New Volume/projects/wind turbine/stm32/STWINBX1_WIFI-main/Drivers/STM32U5xx_HAL_Driver/Src/stm32u5xx_hal_dma_ex.c:2928:19:HAL_DMAEx_List_ConvertQToDynamic	128	static
/media/sanjai/New Volume/projects/wind turbine/stm32/STWINBX1_WIFI-main/Drivers/STM32U5xx_HAL_Driver/Src/stm32u5xx_hal_dma_ex.c:3030:19:HAL_DMAEx_List_ConvertQToStatic	168	static
/media/sanjai/New Volume/projects/wind turbine/stm32/STWINBX1_WIFI-main/Drivers/STM32U5xx_HAL_Driver/Src/stm32u5xx_hal_dma_ex.c:3107:19:HAL_DMAEx_List_LinkQ	0	static
/media/sanjai/New Volume/projects/wind turbine/stm32/STWINBX1_WIFI-main/Drivers/STM32U5xx_HAL_Driver/Src/stm32u5xx_hal_dma_ex.c:3188:19:HAL_DMAEx_List_UnLinkQ	0	static
/media/sanjai/New Volume/projects/wind turbine/stm32/STWINBX1_WIFI-main/Drivers/STM32U5xx_HAL_Driver/Src/stm32u5xx_hal_dma_ex.c:3258:19:HAL_DMAEx_ConfigDataHandling	4	static
/media/sanjai/New Volume/projects/wind turbine/stm32/STWINBX1_WIFI-main/Drivers/STM32U5xx_HAL_Driver/Src/stm32u5xx_hal_dma_ex.c:3298:19:HAL_DMAEx_ConfigTrigger	4	static
/media/sanjai/New Volume/projects/wind turbine/stm32/STWINBX1_WIFI-main/Drivers/STM32U5xx_HAL_Driver/Src/stm32u5xx_hal_dma_ex.c:3343:19:HAL_DMAEx_ConfigRepeatBlock	8	static
/media/sanjai/New Volume/projects/wind turbine/stm32/STWINBX1_WIFI-main/Drivers/STM32U5xx_HAL_Driver/Src/stm32u5xx_hal_dma_ex.c:3482:19:HAL_DMAEx_Suspend	16	static
/media/sanjai/New Volume/projects/wind turbine/stm32/STWINBX1_WIFI-main/Drivers/STM32U5xx_HAL_Driver/Src/stm32u5xx_hal_dma_ex.c:3541:19:HAL_DMAEx_Suspend_IT	0	static
/media/sanjai/New Volume/projects/wind turbine/stm32/STWINBX1_WIFI-main/Drivers/STM32U5xx_HAL_Driver/Src/stm32u5xx_hal_dma_ex.c:3575:19:HAL_DMAEx_Resume	0	static
/media/sanjai/New Volume/projects/wind turbine/stm32/STWINBX1_WIFI-main/Drivers/STM32U5xx_HAL_Driver/Src/stm32u5xx_hal_dma_ex.c:3636:10:HAL_DMAEx_GetFifoLevel	0	static
