/media/sanjai/New Volume/projects/wind turbine/stm32/STWINBX1_WIFI-main/Drivers/STM32U5xx_HAL_Driver/Src/stm32u5xx_hal_sd.c:3676:10:SD_SwitchSpeed	120	static
/media/sanjai/New Volume/projects/wind turbine/stm32/STWINBX1_WIFI-main/Drivers/STM32U5xx_HAL_Driver/Src/stm32u5xx_hal_sd.c:3507:17:SD_FindSCR.constprop	56	static
/media/sanjai/New Volume/projects/wind turbine/stm32/STWINBX1_WIFI-main/Drivers/STM32U5xx_HAL_Driver/Src/stm32u5xx_hal_sd.c:613:13:HAL_SD_MspInit	0	static
/media/sanjai/New Volume/projects/wind turbine/stm32/STWINBX1_WIFI-main/Drivers/STM32U5xx_HAL_Driver/Src/stm32u5xx_hal_sd.c:628:13:HAL_SD_MspDeInit	0	static
/media/sanjai/New Volume/projects/wind turbine/stm32/STWINBX1_WIFI-main/Drivers/STM32U5xx_HAL_Driver/Src/stm32u5xx_hal_sd.c:556:19:HAL_SD_DeInit	8	static
/media/sanjai/New Volume/projects/wind turbine/stm32/STWINBX1_WIFI-main/Drivers/STM32U5xx_HAL_Driver/Src/stm32u5xx_hal_sd.c:669:19:HAL_SD_ReadBlocks	56	static
/media/sanjai/New Volume/projects/wind turbine/stm32/STWINBX1_WIFI-main/Drivers/STM32U5xx_HAL_Driver/Src/stm32u5xx_hal_sd.c:854:19:HAL_SD_WriteBlocks	64	static
/media/sanjai/New Volume/projects/wind turbine/stm32/STWINBX1_WIFI-main/Drivers/STM32U5xx_HAL_Driver/Src/stm32u5xx_hal_sd.c:1041:19:HAL_SD_ReadBlocks_IT	40	static
/media/sanjai/New Volume/projects/wind turbine/stm32/STWINBX1_WIFI-main/Drivers/STM32U5xx_HAL_Driver/Src/stm32u5xx_hal_sd.c:1136:19:HAL_SD_WriteBlocks_IT	40	static
/media/sanjai/New Volume/projects/wind turbine/stm32/STWINBX1_WIFI-main/Drivers/STM32U5xx_HAL_Driver/Src/stm32u5xx_hal_sd.c:1233:19:HAL_SD_ReadBlocks_DMA	48	static
/media/sanjai/New Volume/projects/wind turbine/stm32/STWINBX1_WIFI-main/Drivers/STM32U5xx_HAL_Driver/Src/stm32u5xx_hal_sd.c:1332:19:HAL_SD_WriteBlocks_DMA	48	static
/media/sanjai/New Volume/projects/wind turbine/stm32/STWINBX1_WIFI-main/Drivers/STM32U5xx_HAL_Driver/Src/stm32u5xx_hal_sd.c:1428:19:HAL_SD_Erase	24	static
/media/sanjai/New Volume/projects/wind turbine/stm32/STWINBX1_WIFI-main/Drivers/STM32U5xx_HAL_Driver/Src/stm32u5xx_hal_sd.c:1742:21:HAL_SD_GetState	0	static
/media/sanjai/New Volume/projects/wind turbine/stm32/STWINBX1_WIFI-main/Drivers/STM32U5xx_HAL_Driver/Src/stm32u5xx_hal_sd.c:1753:10:HAL_SD_GetError	0	static
/media/sanjai/New Volume/projects/wind turbine/stm32/STWINBX1_WIFI-main/Drivers/STM32U5xx_HAL_Driver/Src/stm32u5xx_hal_sd.c:1763:13:HAL_SD_TxCpltCallback	0	static
/media/sanjai/New Volume/projects/wind turbine/stm32/STWINBX1_WIFI-main/Drivers/STM32U5xx_HAL_Driver/Src/stm32u5xx_hal_sd.c:1778:13:HAL_SD_RxCpltCallback	0	static
/media/sanjai/New Volume/projects/wind turbine/stm32/STWINBX1_WIFI-main/Drivers/STM32U5xx_HAL_Driver/Src/stm32u5xx_hal_sd.c:1793:13:HAL_SD_ErrorCallback	0	static
/media/sanjai/New Volume/projects/wind turbine/stm32/STWINBX1_WIFI-main/Drivers/STM32U5xx_HAL_Driver/Src/stm32u5xx_hal_sd.c:1808:13:HAL_SD_AbortCallback	0	static
/media/sanjai/New Volume/projects/wind turbine/stm32/STWINBX1_WIFI-main/Drivers/STM32U5xx_HAL_Driver/Src/stm32u5xx_hal_sd.c:2118:19:HAL_SD_GetCardCID	8	static
/media/sanjai/New Volume/projects/wind turbine/stm32/STWINBX1_WIFI-main/Drivers/STM32U5xx_HAL_Driver/Src/stm32u5xx_hal_sd.c:2151:19:HAL_SD_GetCardCSD	12	static
/media/sanjai/New Volume/projects/wind turbine/stm32/STWINBX1_WIFI-main/Drivers/STM32U5xx_HAL_Driver/Src/stm32u5xx_hal_sd.c:466:19:HAL_SD_InitCard	104	static
/media/sanjai/New Volume/projects/wind turbine/stm32/STWINBX1_WIFI-main/Drivers/STM32U5xx_HAL_Driver/Src/stm32u5xx_hal_sd.c:2265:19:HAL_SD_GetCardStatus	120	static
/media/sanjai/New Volume/projects/wind turbine/stm32/STWINBX1_WIFI-main/Drivers/STM32U5xx_HAL_Driver/Src/stm32u5xx_hal_sd.c:2335:19:HAL_SD_GetCardInfo	20	static
/media/sanjai/New Volume/projects/wind turbine/stm32/STWINBX1_WIFI-main/Drivers/STM32U5xx_HAL_Driver/Src/stm32u5xx_hal_sd.c:2360:19:HAL_SD_ConfigWideBusOperation	48	static
/media/sanjai/New Volume/projects/wind turbine/stm32/STWINBX1_WIFI-main/Drivers/STM32U5xx_HAL_Driver/Src/stm32u5xx_hal_sd.c:337:19:HAL_SD_Init	48	static
/media/sanjai/New Volume/projects/wind turbine/stm32/STWINBX1_WIFI-main/Drivers/STM32U5xx_HAL_Driver/Src/stm32u5xx_hal_sd.c:2524:19:HAL_SD_ConfigSpeedBusOperation	16	static
/media/sanjai/New Volume/projects/wind turbine/stm32/STWINBX1_WIFI-main/Drivers/STM32U5xx_HAL_Driver/Src/stm32u5xx_hal_sd.c:2822:25:HAL_SD_GetCardState	8	static
/media/sanjai/New Volume/projects/wind turbine/stm32/STWINBX1_WIFI-main/Drivers/STM32U5xx_HAL_Driver/Src/stm32u5xx_hal_sd.c:2845:19:HAL_SD_Abort	24	static
/media/sanjai/New Volume/projects/wind turbine/stm32/STWINBX1_WIFI-main/Drivers/STM32U5xx_HAL_Driver/Src/stm32u5xx_hal_sd.c:2942:19:HAL_SD_Abort_IT	16	static
/media/sanjai/New Volume/projects/wind turbine/stm32/STWINBX1_WIFI-main/Drivers/STM32U5xx_HAL_Driver/Src/stm32u5xx_hal_sd.c:4043:13:HAL_SDEx_Read_DMALnkLstBufCpltCallback	0	static
/media/sanjai/New Volume/projects/wind turbine/stm32/STWINBX1_WIFI-main/Drivers/STM32U5xx_HAL_Driver/Src/stm32u5xx_hal_sd.c:4057:13:HAL_SDEx_Write_DMALnkLstBufCpltCallback	0	static
/media/sanjai/New Volume/projects/wind turbine/stm32/STWINBX1_WIFI-main/Drivers/STM32U5xx_HAL_Driver/Src/stm32u5xx_hal_sd.c:1530:6:HAL_SD_IRQHandler	32	static
