/media/sanjai/New Volume1/projects/wind turbine/stm32/STWINBX1_WIFI-main/Drivers/STM32U5xx_HAL_Driver/Src/stm32u5xx_hal.c:200:13:HAL_MspInit	0	static
/media/sanjai/New Volume1/projects/wind turbine/stm32/STWINBX1_WIFI-main/Drivers/STM32U5xx_HAL_Driver/Src/stm32u5xx_hal.c:211:13:HAL_MspDeInit	0	static
/media/sanjai/New Volume1/projects/wind turbine/stm32/STWINBX1_WIFI-main/Drivers/STM32U5xx_HAL_Driver/Src/stm32u5xx_hal.c:171:19:HAL_DeInit	16	static
/media/sanjai/New Volume1/projects/wind turbine/stm32/STWINBX1_WIFI-main/Drivers/STM32U5xx_HAL_Driver/Src/stm32u5xx_hal.c:234:26:HAL_InitTick	16	static
/media/sanjai/New Volume1/projects/wind turbine/stm32/STWINBX1_WIFI-main/Drivers/STM32U5xx_HAL_Driver/Src/stm32u5xx_hal.c:140:19:HAL_Init	8	static
/media/sanjai/New Volume1/projects/wind turbine/stm32/STWINBX1_WIFI-main/Drivers/STM32U5xx_HAL_Driver/Src/stm32u5xx_hal.c:299:13:HAL_IncTick	0	static
/media/sanjai/New Volume1/projects/wind turbine/stm32/STWINBX1_WIFI-main/Drivers/STM32U5xx_HAL_Driver/Src/stm32u5xx_hal.c:310:17:HAL_GetTick	0	static
/media/sanjai/New Volume1/projects/wind turbine/stm32/STWINBX1_WIFI-main/Drivers/STM32U5xx_HAL_Driver/Src/stm32u5xx_hal.c:319:10:HAL_GetTickPrio	0	static
/media/sanjai/New Volume1/projects/wind turbine/stm32/STWINBX1_WIFI-main/Drivers/STM32U5xx_HAL_Driver/Src/stm32u5xx_hal.c:328:19:HAL_SetTickFreq	16	static
/media/sanjai/New Volume1/projects/wind turbine/stm32/STWINBX1_WIFI-main/Drivers/STM32U5xx_HAL_Driver/Src/stm32u5xx_hal.c:352:21:HAL_GetTickFreq	0	static
/media/sanjai/New Volume1/projects/wind turbine/stm32/STWINBX1_WIFI-main/Drivers/STM32U5xx_HAL_Driver/Src/stm32u5xx_hal.c:368:13:HAL_Delay	16	static
/media/sanjai/New Volume1/projects/wind turbine/stm32/STWINBX1_WIFI-main/Drivers/STM32U5xx_HAL_Driver/Src/stm32u5xx_hal.c:394:13:HAL_SuspendTick	0	static
/media/sanjai/New Volume1/projects/wind turbine/stm32/STWINBX1_WIFI-main/Drivers/STM32U5xx_HAL_Driver/Src/stm32u5xx_hal.c:410:13:HAL_ResumeTick	0	static
/media/sanjai/New Volume1/projects/wind turbine/stm32/STWINBX1_WIFI-main/Drivers/STM32U5xx_HAL_Driver/Src/stm32u5xx_hal.c:420:10:HAL_GetHalVersion	0	static
/media/sanjai/New Volume1/projects/wind turbine/stm32/STWINBX1_WIFI-main/Drivers/STM32U5xx_HAL_Driver/Src/stm32u5xx_hal.c:429:10:HAL_GetREVID	0	static
/media/sanjai/New Volume1/projects/wind turbine/stm32/STWINBX1_WIFI-main/Drivers/STM32U5xx_HAL_Driver/Src/stm32u5xx_hal.c:438:10:HAL_GetDEVID	0	static
/media/sanjai/New Volume1/projects/wind turbine/stm32/STWINBX1_WIFI-main/Drivers/STM32U5xx_HAL_Driver/Src/stm32u5xx_hal.c:447:10:HAL_GetUIDw0	0	static
/media/sanjai/New Volume1/projects/wind turbine/stm32/STWINBX1_WIFI-main/Drivers/STM32U5xx_HAL_Driver/Src/stm32u5xx_hal.c:456:10:HAL_GetUIDw1	0	static
/media/sanjai/New Volume1/projects/wind turbine/stm32/STWINBX1_WIFI-main/Drivers/STM32U5xx_HAL_Driver/Src/stm32u5xx_hal.c:465:10:HAL_GetUIDw2	0	static
/media/sanjai/New Volume1/projects/wind turbine/stm32/STWINBX1_WIFI-main/Drivers/STM32U5xx_HAL_Driver/Src/stm32u5xx_hal.c:494:6:HAL_DBGMCU_EnableDBGStopMode	0	static
/media/sanjai/New Volume1/projects/wind turbine/stm32/STWINBX1_WIFI-main/Drivers/STM32U5xx_HAL_Driver/Src/stm32u5xx_hal.c:503:6:HAL_DBGMCU_DisableDBGStopMode	0	static
/media/sanjai/New Volume1/projects/wind turbine/stm32/STWINBX1_WIFI-main/Drivers/STM32U5xx_HAL_Driver/Src/stm32u5xx_hal.c:512:6:HAL_DBGMCU_EnableDBGStandbyMode	0	static
/media/sanjai/New Volume1/projects/wind turbine/stm32/STWINBX1_WIFI-main/Drivers/STM32U5xx_HAL_Driver/Src/stm32u5xx_hal.c:521:6:HAL_DBGMCU_DisableDBGStandbyMode	0	static
/media/sanjai/New Volume1/projects/wind turbine/stm32/STWINBX1_WIFI-main/Drivers/STM32U5xx_HAL_Driver/Src/stm32u5xx_hal.c:560:6:HAL_SYSCFG_VREFBUF_VoltageScalingConfig	0	static
/media/sanjai/New Volume1/projects/wind turbine/stm32/STWINBX1_WIFI-main/Drivers/STM32U5xx_HAL_Driver/Src/stm32u5xx_hal.c:576:6:HAL_SYSCFG_VREFBUF_HighImpedanceConfig	0	static
/media/sanjai/New Volume1/projects/wind turbine/stm32/STWINBX1_WIFI-main/Drivers/STM32U5xx_HAL_Driver/Src/stm32u5xx_hal.c:588:6:HAL_SYSCFG_VREFBUF_TrimmingConfig	0	static
/media/sanjai/New Volume1/projects/wind turbine/stm32/STWINBX1_WIFI-main/Drivers/STM32U5xx_HAL_Driver/Src/stm32u5xx_hal.c:600:19:HAL_SYSCFG_EnableVREFBUF	16	static
/media/sanjai/New Volume1/projects/wind turbine/stm32/STWINBX1_WIFI-main/Drivers/STM32U5xx_HAL_Driver/Src/stm32u5xx_hal.c:626:6:HAL_SYSCFG_DisableVREFBUF	0	static
/media/sanjai/New Volume1/projects/wind turbine/stm32/STWINBX1_WIFI-main/Drivers/STM32U5xx_HAL_Driver/Src/stm32u5xx_hal.c:636:6:HAL_SYSCFG_EnableIOAnalogSwitchBooster	0	static
/media/sanjai/New Volume1/projects/wind turbine/stm32/STWINBX1_WIFI-main/Drivers/STM32U5xx_HAL_Driver/Src/stm32u5xx_hal.c:646:6:HAL_SYSCFG_DisableIOAnalogSwitchBooster	0	static
/media/sanjai/New Volume1/projects/wind turbine/stm32/STWINBX1_WIFI-main/Drivers/STM32U5xx_HAL_Driver/Src/stm32u5xx_hal.c:680:6:HAL_SYSCFG_EnableVddCompensationCell	0	static
/media/sanjai/New Volume1/projects/wind turbine/stm32/STWINBX1_WIFI-main/Drivers/STM32U5xx_HAL_Driver/Src/stm32u5xx_hal.c:692:6:HAL_SYSCFG_EnableVddIO2CompensationCell	0	static
/media/sanjai/New Volume1/projects/wind turbine/stm32/STWINBX1_WIFI-main/Drivers/STM32U5xx_HAL_Driver/Src/stm32u5xx_hal.c:715:6:HAL_SYSCFG_DisableVddCompensationCell	0	static
/media/sanjai/New Volume1/projects/wind turbine/stm32/STWINBX1_WIFI-main/Drivers/STM32U5xx_HAL_Driver/Src/stm32u5xx_hal.c:727:6:HAL_SYSCFG_DisableVddIO2CompensationCell	0	static
/media/sanjai/New Volume1/projects/wind turbine/stm32/STWINBX1_WIFI-main/Drivers/STM32U5xx_HAL_Driver/Src/stm32u5xx_hal.c:767:6:HAL_SYSCFG_Lock	0	static
/media/sanjai/New Volume1/projects/wind turbine/stm32/STWINBX1_WIFI-main/Drivers/STM32U5xx_HAL_Driver/Src/stm32u5xx_hal.c:788:19:HAL_SYSCFG_GetLock	0	static
