../Drivers/BSP/STWIN.box/STWIN.box_audio.c:384:16:BSP_AUDIO_IN_DeInit	24	static
../Drivers/BSP/STWIN.box/STWIN.box_audio.c:445:9:BSP_AUDIO_IN_Record	16	static
../Drivers/BSP/STWIN.box/STWIN.box_audio.c:496:9:BSP_AUDIO_IN_Stop	16	static
../Drivers/BSP/STWIN.box/STWIN.box_audio.c:540:9:BSP_AUDIO_IN_Pause	16	static
../Drivers/BSP/STWIN.box/STWIN.box_audio.c:585:9:BSP_AUDIO_IN_Resume	16	static
../Drivers/BSP/STWIN.box/STWIN.box_audio.c:631:9:BSP_AUDIO_IN_RecordChannels	0	static
../Drivers/BSP/STWIN.box/STWIN.box_audio.c:646:9:BSP_AUDIO_IN_StopChannels	0	static
../Drivers/BSP/STWIN.box/STWIN.box_audio.c:660:9:BSP_AUDIO_IN_PauseChannels	0	static
../Drivers/BSP/STWIN.box/STWIN.box_audio.c:674:9:BSP_AUDIO_IN_ResumeChannels	0	static
../Drivers/BSP/STWIN.box/STWIN.box_audio.c:725:9:BSP_AUDIO_IN_GetDevice	0	static
../Drivers/BSP/STWIN.box/STWIN.box_audio.c:785:9:BSP_AUDIO_IN_GetSampleRate	0	static
../Drivers/BSP/STWIN.box/STWIN.box_audio.c:847:9:BSP_AUDIO_IN_GetBitsPerSample	0	static
../Drivers/BSP/STWIN.box/STWIN.box_audio.c:907:9:BSP_AUDIO_IN_GetChannelsNbr	0	static
../Drivers/BSP/STWIN.box/STWIN.box_audio.c:930:9:BSP_AUDIO_IN_SetVolume	0	static
../Drivers/BSP/STWIN.box/STWIN.box_audio.c:954:9:BSP_AUDIO_IN_GetVolume	0	static
../Drivers/BSP/STWIN.box/STWIN.box_audio.c:978:9:BSP_AUDIO_IN_GetState	0	static
../Drivers/BSP/STWIN.box/STWIN.box_audio.c:1099:13:BSP_AUDIO_IN_TransferComplete_CallBack	0	static
../Drivers/BSP/STWIN.box/STWIN.box_audio.c:1005:6:HAL_MDF_AcqCpltCallback	56	static
../Drivers/BSP/STWIN.box/STWIN.box_audio.c:1113:13:BSP_AUDIO_IN_HalfTransfer_CallBack	0	static
../Drivers/BSP/STWIN.box/STWIN.box_audio.c:1053:6:HAL_MDF_AcqHalfCpltCallback	56	static
../Drivers/BSP/STWIN.box/STWIN.box_audio.c:1127:13:BSP_AUDIO_IN_Error_CallBack	0	static
../Drivers/BSP/STWIN.box/STWIN.box_audio.c:1144:6:MX_ADC1_Init	48	static
../Drivers/BSP/STWIN.box/STWIN.box_audio.c:116:16:BSP_AUDIO_IN_Init	24	static
../Drivers/BSP/STWIN.box/STWIN.box_audio.c:688:9:BSP_AUDIO_IN_SetDevice	40	static
../Drivers/BSP/STWIN.box/STWIN.box_audio.c:748:9:BSP_AUDIO_IN_SetSampleRate	40	static
../Drivers/BSP/STWIN.box/STWIN.box_audio.c:810:9:BSP_AUDIO_IN_SetBitsPerSample	40	static
../Drivers/BSP/STWIN.box/STWIN.box_audio.c:870:9:BSP_AUDIO_IN_SetChannelsNbr	40	static
../Drivers/BSP/STWIN.box/STWIN.box_audio.c:1213:6:HAL_MDF_MspInit	392	static
../Drivers/BSP/STWIN.box/STWIN.box_audio.c:1420:6:HAL_ADC_MspInit	248	static
../Drivers/BSP/STWIN.box/STWIN.box_audio.c:1470:6:HAL_ADC_MspDeInit	0	static
