/media/sanjai/New Volume1/projects/wind turbine/stm32/STWINBX1_WIFI-main/Drivers/BSP/STWIN.box/STWIN.box_sd.c:848:13:SD_MspInit.constprop	352	static
/media/sanjai/New Volume1/projects/wind turbine/stm32/STWINBX1_WIFI-main/Drivers/BSP/STWIN.box/STWIN.box_sd.c:232:9:BSP_SD_DeInit	8	static
/media/sanjai/New Volume1/projects/wind turbine/stm32/STWINBX1_WIFI-main/Drivers/BSP/STWIN.box/STWIN.box_sd.c:273:26:MX_SDMMC1_SD_Init	16	static
/media/sanjai/New Volume1/projects/wind turbine/stm32/STWINBX1_WIFI-main/Drivers/BSP/STWIN.box/STWIN.box_sd.c:141:9:BSP_SD_Init	40	static
/media/sanjai/New Volume1/projects/wind turbine/stm32/STWINBX1_WIFI-main/Drivers/BSP/STWIN.box/STWIN.box_sd.c:372:9:BSP_SD_DetectITConfig	40	static
/media/sanjai/New Volume1/projects/wind turbine/stm32/STWINBX1_WIFI-main/Drivers/BSP/STWIN.box/STWIN.box_sd.c:421:13:BSP_SD_DetectCallback	0	static
/media/sanjai/New Volume1/projects/wind turbine/stm32/STWINBX1_WIFI-main/Drivers/BSP/STWIN.box/STWIN.box_sd.c:828:13:SD_EXTI_Callback	8	static
/media/sanjai/New Volume1/projects/wind turbine/stm32/STWINBX1_WIFI-main/Drivers/BSP/STWIN.box/STWIN.box_sd.c:436:9:BSP_SD_IsDetected	8	static
/media/sanjai/New Volume1/projects/wind turbine/stm32/STWINBX1_WIFI-main/Drivers/BSP/STWIN.box/STWIN.box_sd.c:468:9:BSP_SD_ReadBlocks	16	static
/media/sanjai/New Volume1/projects/wind turbine/stm32/STWINBX1_WIFI-main/Drivers/BSP/STWIN.box/STWIN.box_sd.c:498:9:BSP_SD_WriteBlocks	16	static
/media/sanjai/New Volume1/projects/wind turbine/stm32/STWINBX1_WIFI-main/Drivers/BSP/STWIN.box/STWIN.box_sd.c:527:9:BSP_SD_ReadBlocks_DMA	8	static
/media/sanjai/New Volume1/projects/wind turbine/stm32/STWINBX1_WIFI-main/Drivers/BSP/STWIN.box/STWIN.box_sd.c:555:9:BSP_SD_WriteBlocks_DMA	8	static
/media/sanjai/New Volume1/projects/wind turbine/stm32/STWINBX1_WIFI-main/Drivers/BSP/STWIN.box/STWIN.box_sd.c:583:9:BSP_SD_ReadBlocks_IT	8	static
/media/sanjai/New Volume1/projects/wind turbine/stm32/STWINBX1_WIFI-main/Drivers/BSP/STWIN.box/STWIN.box_sd.c:611:9:BSP_SD_WriteBlocks_IT	8	static
/media/sanjai/New Volume1/projects/wind turbine/stm32/STWINBX1_WIFI-main/Drivers/BSP/STWIN.box/STWIN.box_sd.c:639:9:BSP_SD_Erase	8	static
/media/sanjai/New Volume1/projects/wind turbine/stm32/STWINBX1_WIFI-main/Drivers/BSP/STWIN.box/STWIN.box_sd.c:667:9:BSP_SD_GetCardState	8	static
/media/sanjai/New Volume1/projects/wind turbine/stm32/STWINBX1_WIFI-main/Drivers/BSP/STWIN.box/STWIN.box_sd.c:679:9:BSP_SD_GetCardInfo	8	static
/media/sanjai/New Volume1/projects/wind turbine/stm32/STWINBX1_WIFI-main/Drivers/BSP/STWIN.box/STWIN.box_sd.c:736:6:BSP_SD_DETECT_IRQHandler	0	static
/media/sanjai/New Volume1/projects/wind turbine/stm32/STWINBX1_WIFI-main/Drivers/BSP/STWIN.box/STWIN.box_sd.c:746:6:BSP_SD_IRQHandler	0	static
/media/sanjai/New Volume1/projects/wind turbine/stm32/STWINBX1_WIFI-main/Drivers/BSP/STWIN.box/STWIN.box_sd.c:756:13:BSP_SD_AbortCallback	0	static
/media/sanjai/New Volume1/projects/wind turbine/stm32/STWINBX1_WIFI-main/Drivers/BSP/STWIN.box/STWIN.box_sd.c:705:6:HAL_SD_AbortCallback	8	static
/media/sanjai/New Volume1/projects/wind turbine/stm32/STWINBX1_WIFI-main/Drivers/BSP/STWIN.box/STWIN.box_sd.c:767:13:BSP_SD_WriteCpltCallback	0	static
/media/sanjai/New Volume1/projects/wind turbine/stm32/STWINBX1_WIFI-main/Drivers/BSP/STWIN.box/STWIN.box_sd.c:715:6:HAL_SD_TxCpltCallback	8	static
/media/sanjai/New Volume1/projects/wind turbine/stm32/STWINBX1_WIFI-main/Drivers/BSP/STWIN.box/STWIN.box_sd.c:778:13:BSP_SD_ReadCpltCallback	0	static
/media/sanjai/New Volume1/projects/wind turbine/stm32/STWINBX1_WIFI-main/Drivers/BSP/STWIN.box/STWIN.box_sd.c:725:6:HAL_SD_RxCpltCallback	8	static
