/media/sanjai/New Volume/projects/wind turbine/stm32/STWINBX1_WIFI-main/Drivers/BSP/STWIN.box/STWIN.box_bc.c:1645:13:SPI2_MspInit	56	static
/media/sanjai/New Volume/projects/wind turbine/stm32/STWINBX1_WIFI-main/Drivers/BSP/STWIN.box/STWIN.box_bc.c:1577:13:SPI1_MspDeInit	0	static
/media/sanjai/New Volume/projects/wind turbine/stm32/STWINBX1_WIFI-main/Drivers/BSP/STWIN.box/STWIN.box_bc.c:1676:13:SPI2_MspDeInit	8	static
/media/sanjai/New Volume/projects/wind turbine/stm32/STWINBX1_WIFI-main/Drivers/BSP/STWIN.box/STWIN.box_bc.c:1789:13:SPI3_MspDeInit	8	static
/media/sanjai/New Volume/projects/wind turbine/stm32/STWINBX1_WIFI-main/Drivers/BSP/STWIN.box/STWIN.box_bc.c:1550:13:SPI1_MspInit	48	static
/media/sanjai/New Volume/projects/wind turbine/stm32/STWINBX1_WIFI-main/Drivers/BSP/STWIN.box/STWIN.box_bc.c:1746:13:SPI3_MspInit	248	static
/media/sanjai/New Volume/projects/wind turbine/stm32/STWINBX1_WIFI-main/Drivers/BSP/STWIN.box/STWIN.box_bc.c:155:9:BSP_I2C1_DeInit	8	static
/media/sanjai/New Volume/projects/wind turbine/stm32/STWINBX1_WIFI-main/Drivers/BSP/STWIN.box/STWIN.box_bc.c:176:9:BSP_I2C1_IsReady	8	static
/media/sanjai/New Volume/projects/wind turbine/stm32/STWINBX1_WIFI-main/Drivers/BSP/STWIN.box/STWIN.box_bc.c:195:9:BSP_I2C1_WriteReg	32	static
/media/sanjai/New Volume/projects/wind turbine/stm32/STWINBX1_WIFI-main/Drivers/BSP/STWIN.box/STWIN.box_bc.c:213:9:BSP_I2C1_ReadReg	32	static
/media/sanjai/New Volume/projects/wind turbine/stm32/STWINBX1_WIFI-main/Drivers/BSP/STWIN.box/STWIN.box_bc.c:234:9:BSP_I2C1_WriteReg16	32	static
/media/sanjai/New Volume/projects/wind turbine/stm32/STWINBX1_WIFI-main/Drivers/BSP/STWIN.box/STWIN.box_bc.c:252:9:BSP_I2C1_ReadReg16	32	static
/media/sanjai/New Volume/projects/wind turbine/stm32/STWINBX1_WIFI-main/Drivers/BSP/STWIN.box/STWIN.box_bc.c:273:9:BSP_I2C1_Send	16	static
/media/sanjai/New Volume/projects/wind turbine/stm32/STWINBX1_WIFI-main/Drivers/BSP/STWIN.box/STWIN.box_bc.c:292:9:BSP_I2C1_Recv	16	static
/media/sanjai/New Volume/projects/wind turbine/stm32/STWINBX1_WIFI-main/Drivers/BSP/STWIN.box/STWIN.box_bc.c:312:9:BSP_I2C1_SendRecv	32	static
/media/sanjai/New Volume/projects/wind turbine/stm32/STWINBX1_WIFI-main/Drivers/BSP/STWIN.box/STWIN.box_bc.c:381:9:BSP_I2C2_DeInit	8	static
/media/sanjai/New Volume/projects/wind turbine/stm32/STWINBX1_WIFI-main/Drivers/BSP/STWIN.box/STWIN.box_bc.c:404:9:BSP_I2C2_IsReady	8	static
/media/sanjai/New Volume/projects/wind turbine/stm32/STWINBX1_WIFI-main/Drivers/BSP/STWIN.box/STWIN.box_bc.c:423:9:BSP_I2C2_WriteReg	32	static
/media/sanjai/New Volume/projects/wind turbine/stm32/STWINBX1_WIFI-main/Drivers/BSP/STWIN.box/STWIN.box_bc.c:441:9:BSP_I2C2_ReadReg	32	static
/media/sanjai/New Volume/projects/wind turbine/stm32/STWINBX1_WIFI-main/Drivers/BSP/STWIN.box/STWIN.box_bc.c:462:9:BSP_I2C2_WriteReg16	32	static
/media/sanjai/New Volume/projects/wind turbine/stm32/STWINBX1_WIFI-main/Drivers/BSP/STWIN.box/STWIN.box_bc.c:480:9:BSP_I2C2_ReadReg16	32	static
/media/sanjai/New Volume/projects/wind turbine/stm32/STWINBX1_WIFI-main/Drivers/BSP/STWIN.box/STWIN.box_bc.c:501:9:BSP_I2C2_Send	16	static
/media/sanjai/New Volume/projects/wind turbine/stm32/STWINBX1_WIFI-main/Drivers/BSP/STWIN.box/STWIN.box_bc.c:520:9:BSP_I2C2_Recv	16	static
/media/sanjai/New Volume/projects/wind turbine/stm32/STWINBX1_WIFI-main/Drivers/BSP/STWIN.box/STWIN.box_bc.c:540:9:BSP_I2C2_SendRecv	32	static
/media/sanjai/New Volume/projects/wind turbine/stm32/STWINBX1_WIFI-main/Drivers/BSP/STWIN.box/STWIN.box_bc.c:609:9:BSP_I2C3_DeInit	8	static
/media/sanjai/New Volume/projects/wind turbine/stm32/STWINBX1_WIFI-main/Drivers/BSP/STWIN.box/STWIN.box_bc.c:630:9:BSP_I2C3_IsReady	8	static
/media/sanjai/New Volume/projects/wind turbine/stm32/STWINBX1_WIFI-main/Drivers/BSP/STWIN.box/STWIN.box_bc.c:649:9:BSP_I2C3_WriteReg	32	static
/media/sanjai/New Volume/projects/wind turbine/stm32/STWINBX1_WIFI-main/Drivers/BSP/STWIN.box/STWIN.box_bc.c:667:9:BSP_I2C3_ReadReg	32	static
/media/sanjai/New Volume/projects/wind turbine/stm32/STWINBX1_WIFI-main/Drivers/BSP/STWIN.box/STWIN.box_bc.c:688:9:BSP_I2C3_WriteReg16	32	static
/media/sanjai/New Volume/projects/wind turbine/stm32/STWINBX1_WIFI-main/Drivers/BSP/STWIN.box/STWIN.box_bc.c:706:9:BSP_I2C3_ReadReg16	32	static
/media/sanjai/New Volume/projects/wind turbine/stm32/STWINBX1_WIFI-main/Drivers/BSP/STWIN.box/STWIN.box_bc.c:727:9:BSP_I2C3_Send	16	static
/media/sanjai/New Volume/projects/wind turbine/stm32/STWINBX1_WIFI-main/Drivers/BSP/STWIN.box/STWIN.box_bc.c:746:9:BSP_I2C3_Recv	16	static
/media/sanjai/New Volume/projects/wind turbine/stm32/STWINBX1_WIFI-main/Drivers/BSP/STWIN.box/STWIN.box_bc.c:766:9:BSP_I2C3_SendRecv	32	static
/media/sanjai/New Volume/projects/wind turbine/stm32/STWINBX1_WIFI-main/Drivers/BSP/STWIN.box/STWIN.box_bc.c:829:9:BSP_SPI1_DeInit	8	static
/media/sanjai/New Volume/projects/wind turbine/stm32/STWINBX1_WIFI-main/Drivers/BSP/STWIN.box/STWIN.box_bc.c:851:9:BSP_SPI1_Send	8	static
/media/sanjai/New Volume/projects/wind turbine/stm32/STWINBX1_WIFI-main/Drivers/BSP/STWIN.box/STWIN.box_bc.c:868:9:BSP_SPI1_Recv	8	static
/media/sanjai/New Volume/projects/wind turbine/stm32/STWINBX1_WIFI-main/Drivers/BSP/STWIN.box/STWIN.box_bc.c:885:9:BSP_SPI1_SendRecv	16	static
/media/sanjai/New Volume/projects/wind turbine/stm32/STWINBX1_WIFI-main/Drivers/BSP/STWIN.box/STWIN.box_bc.c:938:9:BSP_SPI2_DeInit	8	static
/media/sanjai/New Volume/projects/wind turbine/stm32/STWINBX1_WIFI-main/Drivers/BSP/STWIN.box/STWIN.box_bc.c:960:9:BSP_SPI2_Send	8	static
/media/sanjai/New Volume/projects/wind turbine/stm32/STWINBX1_WIFI-main/Drivers/BSP/STWIN.box/STWIN.box_bc.c:977:9:BSP_SPI2_Recv	8	static
/media/sanjai/New Volume/projects/wind turbine/stm32/STWINBX1_WIFI-main/Drivers/BSP/STWIN.box/STWIN.box_bc.c:994:9:BSP_SPI2_SendRecv	16	static
/media/sanjai/New Volume/projects/wind turbine/stm32/STWINBX1_WIFI-main/Drivers/BSP/STWIN.box/STWIN.box_bc.c:1045:9:BSP_SPI3_DeInit	8	static
/media/sanjai/New Volume/projects/wind turbine/stm32/STWINBX1_WIFI-main/Drivers/BSP/STWIN.box/STWIN.box_bc.c:1067:9:BSP_SPI3_Send	8	static
/media/sanjai/New Volume/projects/wind turbine/stm32/STWINBX1_WIFI-main/Drivers/BSP/STWIN.box/STWIN.box_bc.c:1084:9:BSP_SPI3_Recv	8	static
/media/sanjai/New Volume/projects/wind turbine/stm32/STWINBX1_WIFI-main/Drivers/BSP/STWIN.box/STWIN.box_bc.c:1101:9:BSP_SPI3_SendRecv	16	static
/media/sanjai/New Volume/projects/wind turbine/stm32/STWINBX1_WIFI-main/Drivers/BSP/STWIN.box/STWIN.box_bc.c:1150:9:BSP_USART3_DeInit	8	static
/media/sanjai/New Volume/projects/wind turbine/stm32/STWINBX1_WIFI-main/Drivers/BSP/STWIN.box/STWIN.box_bc.c:1334:9:BSP_SPI1_RegisterDefaultMspCallbacks	8	static
/media/sanjai/New Volume/projects/wind turbine/stm32/STWINBX1_WIFI-main/Drivers/BSP/STWIN.box/STWIN.box_bc.c:1360:9:BSP_SPI1_RegisterMspCallbacks	16	static
/media/sanjai/New Volume/projects/wind turbine/stm32/STWINBX1_WIFI-main/Drivers/BSP/STWIN.box/STWIN.box_bc.c:1386:9:BSP_SPI2_RegisterDefaultMspCallbacks	8	static
/media/sanjai/New Volume/projects/wind turbine/stm32/STWINBX1_WIFI-main/Drivers/BSP/STWIN.box/STWIN.box_bc.c:1412:9:BSP_SPI2_RegisterMspCallbacks	16	static
/media/sanjai/New Volume/projects/wind turbine/stm32/STWINBX1_WIFI-main/Drivers/BSP/STWIN.box/STWIN.box_bc.c:1439:9:BSP_SPI3_RegisterDefaultMspCallbacks	8	static
/media/sanjai/New Volume/projects/wind turbine/stm32/STWINBX1_WIFI-main/Drivers/BSP/STWIN.box/STWIN.box_bc.c:1465:9:BSP_SPI3_RegisterMspCallbacks	16	static
/media/sanjai/New Volume/projects/wind turbine/stm32/STWINBX1_WIFI-main/Drivers/BSP/STWIN.box/STWIN.box_bc.c:1492:9:BSP_GetTick	0	static
/media/sanjai/New Volume/projects/wind turbine/stm32/STWINBX1_WIFI-main/Drivers/BSP/STWIN.box/STWIN.box_bc.c:1499:26:MX_SPI1_Init	40	static
/media/sanjai/New Volume/projects/wind turbine/stm32/STWINBX1_WIFI-main/Drivers/BSP/STWIN.box/STWIN.box_bc.c:794:9:BSP_SPI1_Init	16	static
/media/sanjai/New Volume/projects/wind turbine/stm32/STWINBX1_WIFI-main/Drivers/BSP/STWIN.box/STWIN.box_bc.c:1594:26:MX_SPI2_Init	40	static
/media/sanjai/New Volume/projects/wind turbine/stm32/STWINBX1_WIFI-main/Drivers/BSP/STWIN.box/STWIN.box_bc.c:901:9:BSP_SPI2_Init	16	static
/media/sanjai/New Volume/projects/wind turbine/stm32/STWINBX1_WIFI-main/Drivers/BSP/STWIN.box/STWIN.box_bc.c:1693:26:MX_SPI3_Init	40	static
/media/sanjai/New Volume/projects/wind turbine/stm32/STWINBX1_WIFI-main/Drivers/BSP/STWIN.box/STWIN.box_bc.c:1010:9:BSP_SPI3_Init	16	static
/media/sanjai/New Volume/projects/wind turbine/stm32/STWINBX1_WIFI-main/Drivers/BSP/STWIN.box/STWIN.box_bc.c:1807:26:MX_I2C1_Init	16	static
/media/sanjai/New Volume/projects/wind turbine/stm32/STWINBX1_WIFI-main/Drivers/BSP/STWIN.box/STWIN.box_bc.c:111:9:BSP_I2C1_Init	48	static
/media/sanjai/New Volume/projects/wind turbine/stm32/STWINBX1_WIFI-main/Drivers/BSP/STWIN.box/STWIN.box_bc.c:1874:26:MX_I2C2_Init	16	static
/media/sanjai/New Volume/projects/wind turbine/stm32/STWINBX1_WIFI-main/Drivers/BSP/STWIN.box/STWIN.box_bc.c:336:9:BSP_I2C2_Init	272	static
/media/sanjai/New Volume/projects/wind turbine/stm32/STWINBX1_WIFI-main/Drivers/BSP/STWIN.box/STWIN.box_bc.c:1972:26:MX_I2C3_Init	16	static
/media/sanjai/New Volume/projects/wind turbine/stm32/STWINBX1_WIFI-main/Drivers/BSP/STWIN.box/STWIN.box_bc.c:564:9:BSP_I2C3_Init	56	static
/media/sanjai/New Volume/projects/wind turbine/stm32/STWINBX1_WIFI-main/Drivers/BSP/STWIN.box/STWIN.box_bc.c:2062:26:MX_USART3_UART_Init	16	static
/media/sanjai/New Volume/projects/wind turbine/stm32/STWINBX1_WIFI-main/Drivers/BSP/STWIN.box/STWIN.box_bc.c:1122:9:BSP_USART3_Init	64	static
