/media/sanjai/New Volume/projects/wind turbine/stm32/STWINBX1_WIFI-main/Drivers/BSP/STWIN.box/STWIN.box.c:169:6:BSP_Enable_DCDC2	40	static
/media/sanjai/New Volume/projects/wind turbine/stm32/STWINBX1_WIFI-main/Drivers/BSP/STWIN.box/STWIN.box.c:192:6:BSP_Disable_DCDC2	0	static
/media/sanjai/New Volume/projects/wind turbine/stm32/STWINBX1_WIFI-main/Drivers/BSP/STWIN.box/STWIN.box.c:202:6:BSP_Enable_LDO	40	static
/media/sanjai/New Volume/projects/wind turbine/stm32/STWINBX1_WIFI-main/Drivers/BSP/STWIN.box/STWIN.box.c:224:6:BSP_Disable_LDO	0	static
/media/sanjai/New Volume/projects/wind turbine/stm32/STWINBX1_WIFI-main/Drivers/BSP/STWIN.box/STWIN.box.c:242:9:BSP_PB_Init	48	static
/media/sanjai/New Volume/projects/wind turbine/stm32/STWINBX1_WIFI-main/Drivers/BSP/STWIN.box/STWIN.box.c:291:9:BSP_PB_DeInit	16	static
/media/sanjai/New Volume/projects/wind turbine/stm32/STWINBX1_WIFI-main/Drivers/BSP/STWIN.box/STWIN.box.c:310:9:BSP_PB_GetState	8	static
/media/sanjai/New Volume/projects/wind turbine/stm32/STWINBX1_WIFI-main/Drivers/BSP/STWIN.box/STWIN.box.c:339:9:BSP_GetVersion	0	static
/media/sanjai/New Volume/projects/wind turbine/stm32/STWINBX1_WIFI-main/Drivers/BSP/STWIN.box/STWIN.box.c:351:9:BSP_LED_Init	40	static
/media/sanjai/New Volume/projects/wind turbine/stm32/STWINBX1_WIFI-main/Drivers/BSP/STWIN.box/STWIN.box.c:378:9:BSP_LED_DeInit	0	static
/media/sanjai/New Volume/projects/wind turbine/stm32/STWINBX1_WIFI-main/Drivers/BSP/STWIN.box/STWIN.box.c:392:9:BSP_LED_On	8	static
/media/sanjai/New Volume/projects/wind turbine/stm32/STWINBX1_WIFI-main/Drivers/BSP/STWIN.box/STWIN.box.c:406:9:BSP_LED_Off	8	static
/media/sanjai/New Volume/projects/wind turbine/stm32/STWINBX1_WIFI-main/Drivers/BSP/STWIN.box/STWIN.box.c:420:9:BSP_LED_Toggle	8	static
/media/sanjai/New Volume/projects/wind turbine/stm32/STWINBX1_WIFI-main/Drivers/BSP/STWIN.box/STWIN.box.c:435:9:BSP_LED_GetState	8	static
/media/sanjai/New Volume/projects/wind turbine/stm32/STWINBX1_WIFI-main/Drivers/BSP/STWIN.box/STWIN.box.c:687:9:Sensor_IO_SPI_CS_Init_All	72	static
/media/sanjai/New Volume/projects/wind turbine/stm32/STWINBX1_WIFI-main/Drivers/BSP/STWIN.box/STWIN.box.c:731:13:BSP_PB_Callback	0	static
/media/sanjai/New Volume/projects/wind turbine/stm32/STWINBX1_WIFI-main/Drivers/BSP/STWIN.box/STWIN.box.c:329:13:BUTTON_PWR_EXTI_Callback	8	static
/media/sanjai/New Volume/projects/wind turbine/stm32/STWINBX1_WIFI-main/Drivers/BSP/STWIN.box/STWIN.box.c:320:13:BUTTON_USER_EXTI_Callback	8	static
