/media/sanjai/New Volume/projects/wind turbine/stm32/STWINBX1_WIFI-main/Middlewares/ST/netxduo/addons/web/nx_tcpserver.c:796:13:_nx_tcpserver_data_present	0	static
/media/sanjai/New Volume/projects/wind turbine/stm32/STWINBX1_WIFI-main/Middlewares/ST/netxduo/addons/web/nx_tcpserver.c:845:13:_nx_tcpserver_disconnect_present	0	static
/media/sanjai/New Volume/projects/wind turbine/stm32/STWINBX1_WIFI-main/Middlewares/ST/netxduo/addons/web/nx_tcpserver.c:893:13:_nx_tcpserver_timeout	0	static
/media/sanjai/New Volume/projects/wind turbine/stm32/STWINBX1_WIFI-main/Middlewares/ST/netxduo/addons/web/nx_tcpserver.c:744:13:_nx_tcpserver_connect_present	0	static
/media/sanjai/New Volume/projects/wind turbine/stm32/STWINBX1_WIFI-main/Middlewares/ST/netxduo/addons/web/nx_tcpserver.c:172:13:_nx_tcpserver_relisten.isra	16	static
/media/sanjai/New Volume/projects/wind turbine/stm32/STWINBX1_WIFI-main/Middlewares/ST/netxduo/addons/web/nx_tcpserver.c:1345:13:_nx_tcpserver_thread_entry	56	static
/media/sanjai/New Volume/projects/wind turbine/stm32/STWINBX1_WIFI-main/Middlewares/ST/netxduo/addons/web/nx_tcpserver.c:290:6:_nx_tcpserver_create	80	static
/media/sanjai/New Volume/projects/wind turbine/stm32/STWINBX1_WIFI-main/Middlewares/ST/netxduo/addons/web/nx_tcpserver.c:670:6:_nx_tcpserver_start	40	static
/media/sanjai/New Volume/projects/wind turbine/stm32/STWINBX1_WIFI-main/Middlewares/ST/netxduo/addons/web/nx_tcpserver.c:1449:6:_nx_tcpserver_stop	8	static
/media/sanjai/New Volume/projects/wind turbine/stm32/STWINBX1_WIFI-main/Middlewares/ST/netxduo/addons/web/nx_tcpserver.c:1525:6:_nx_tcpserver_delete	24	static
