/media/sanjai/New Volume/projects/wind turbine/stm32/STWINBX1_WIFI-main/Middlewares/ST/netxduo/addons/web/nx_web_http_server.c:3045:13:_nx_web_http_server_connection_end	8	static
/media/sanjai/New Volume/projects/wind turbine/stm32/STWINBX1_WIFI-main/Middlewares/ST/netxduo/addons/web/nx_web_http_server.c:5610:7:_nx_web_http_server_retrieve_resource.constprop	16	static
/media/sanjai/New Volume/projects/wind turbine/stm32/STWINBX1_WIFI-main/Middlewares/ST/netxduo/addons/web/nx_web_http_server.c:3101:13:_nx_web_http_server_connection_timeout	8	static
/media/sanjai/New Volume/projects/wind turbine/stm32/STWINBX1_WIFI-main/Middlewares/ST/netxduo/addons/web/nx_web_http_server.c:1105:7:_nx_web_http_server_content_length_get	8	static
/media/sanjai/New Volume/projects/wind turbine/stm32/STWINBX1_WIFI-main/Middlewares/ST/netxduo/addons/web/nx_web_http_server.c:1042:7:_nxe_web_http_server_content_length_get	0	static
/media/sanjai/New Volume/projects/wind turbine/stm32/STWINBX1_WIFI-main/Middlewares/ST/netxduo/addons/web/nx_web_http_server.c:1227:7:_nxe_web_http_server_create	80	static
/media/sanjai/New Volume/projects/wind turbine/stm32/STWINBX1_WIFI-main/Middlewares/ST/netxduo/addons/web/nx_web_http_server.c:1319:6:_nx_web_http_server_create	80	static
/media/sanjai/New Volume/projects/wind turbine/stm32/STWINBX1_WIFI-main/Middlewares/ST/netxduo/addons/web/nx_web_http_server.c:1424:7:_nxe_web_http_server_delete	16	static,ignoring_inline_asm
/media/sanjai/New Volume/projects/wind turbine/stm32/STWINBX1_WIFI-main/Middlewares/ST/netxduo/addons/web/nx_web_http_server.c:1493:7:_nx_web_http_server_delete	8	static
/media/sanjai/New Volume/projects/wind turbine/stm32/STWINBX1_WIFI-main/Middlewares/ST/netxduo/addons/web/nx_web_http_server.c:1569:7:_nxe_web_http_server_param_get	20	static,ignoring_inline_asm
/media/sanjai/New Volume/projects/wind turbine/stm32/STWINBX1_WIFI-main/Middlewares/ST/netxduo/addons/web/nx_web_http_server.c:1635:7:_nx_web_http_server_param_get	16	static
/media/sanjai/New Volume/projects/wind turbine/stm32/STWINBX1_WIFI-main/Middlewares/ST/netxduo/addons/web/nx_web_http_server.c:1864:7:_nx_web_http_server_query_get	16	static
/media/sanjai/New Volume/projects/wind turbine/stm32/STWINBX1_WIFI-main/Middlewares/ST/netxduo/addons/web/nx_web_http_server.c:1797:7:_nxe_web_http_server_query_get	12	static,ignoring_inline_asm
/media/sanjai/New Volume/projects/wind turbine/stm32/STWINBX1_WIFI-main/Middlewares/ST/netxduo/addons/web/nx_web_http_server.c:2019:7:_nxe_web_http_server_start	0	static
/media/sanjai/New Volume/projects/wind turbine/stm32/STWINBX1_WIFI-main/Middlewares/ST/netxduo/addons/web/nx_web_http_server.c:2079:7:_nx_web_http_server_start	0	static
/media/sanjai/New Volume/projects/wind turbine/stm32/STWINBX1_WIFI-main/Middlewares/ST/netxduo/addons/web/nx_web_http_server.c:2452:7:_nxe_web_http_server_stop	0	static,ignoring_inline_asm
/media/sanjai/New Volume/projects/wind turbine/stm32/STWINBX1_WIFI-main/Middlewares/ST/netxduo/addons/web/nx_web_http_server.c:2514:7:_nx_web_http_server_stop	0	static
/media/sanjai/New Volume/projects/wind turbine/stm32/STWINBX1_WIFI-main/Middlewares/ST/netxduo/addons/web/nx_web_http_server.c:2583:7:_nxe_web_http_server_callback_data_send	40	static
/media/sanjai/New Volume/projects/wind turbine/stm32/STWINBX1_WIFI-main/Middlewares/ST/netxduo/addons/web/nx_web_http_server.c:2649:7:_nx_web_http_server_callback_data_send	40	static
/media/sanjai/New Volume/projects/wind turbine/stm32/STWINBX1_WIFI-main/Middlewares/ST/netxduo/addons/web/nx_web_http_server.c:3440:7:_nx_web_http_server_get_client_request	64	static
/media/sanjai/New Volume/projects/wind turbine/stm32/STWINBX1_WIFI-main/Middlewares/ST/netxduo/addons/web/nx_web_http_server.c:4941:6:_nxe_web_http_server_invalid_userpassword_notify_set	0	static
/media/sanjai/New Volume/projects/wind turbine/stm32/STWINBX1_WIFI-main/Middlewares/ST/netxduo/addons/web/nx_web_http_server.c:5002:6:_nx_web_http_server_invalid_userpassword_notify_set	0	static
/media/sanjai/New Volume/projects/wind turbine/stm32/STWINBX1_WIFI-main/Middlewares/ST/netxduo/addons/web/nx_web_http_server.c:5435:7:_nx_web_http_server_retrieve_basic_authorization	12	static
/media/sanjai/New Volume/projects/wind turbine/stm32/STWINBX1_WIFI-main/Middlewares/ST/netxduo/addons/web/nx_web_http_server.c:5216:7:_nx_web_http_server_basic_authenticate	72	static
/media/sanjai/New Volume/projects/wind turbine/stm32/STWINBX1_WIFI-main/Middlewares/ST/netxduo/addons/web/nx_web_http_server.c:5610:7:_nx_web_http_server_retrieve_resource	16	static
/media/sanjai/New Volume/projects/wind turbine/stm32/STWINBX1_WIFI-main/Middlewares/ST/netxduo/addons/web/nx_web_http_server.c:5834:7:_nx_web_http_server_calculate_content_offset	4	static
/media/sanjai/New Volume/projects/wind turbine/stm32/STWINBX1_WIFI-main/Middlewares/ST/netxduo/addons/web/nx_web_http_server.c:6135:7:_nx_web_http_server_type_get_extended	72	static
/media/sanjai/New Volume/projects/wind turbine/stm32/STWINBX1_WIFI-main/Middlewares/ST/netxduo/addons/web/nx_web_http_server.c:5999:7:_nx_web_http_server_type_get	40	static
/media/sanjai/New Volume/projects/wind turbine/stm32/STWINBX1_WIFI-main/Middlewares/ST/netxduo/addons/web/nx_web_http_server.c:6060:7:_nxe_web_http_server_type_get_extended	24	static,ignoring_inline_asm
/media/sanjai/New Volume/projects/wind turbine/stm32/STWINBX1_WIFI-main/Middlewares/ST/netxduo/addons/web/nx_web_http_server.c:5938:7:_nxe_web_http_server_type_get	40	static
/media/sanjai/New Volume/projects/wind turbine/stm32/STWINBX1_WIFI-main/Middlewares/ST/netxduo/addons/web/nx_web_http_server.c:7419:7:_nxe_web_http_server_get_entity_header	0	static
/media/sanjai/New Volume/projects/wind turbine/stm32/STWINBX1_WIFI-main/Middlewares/ST/netxduo/addons/web/nx_web_http_server.c:7495:7:_nx_web_http_server_get_entity_header	0	static
/media/sanjai/New Volume/projects/wind turbine/stm32/STWINBX1_WIFI-main/Middlewares/ST/netxduo/addons/web/nx_web_http_server.c:7862:7:_nxe_web_http_server_get_entity_content	0	static
/media/sanjai/New Volume/projects/wind turbine/stm32/STWINBX1_WIFI-main/Middlewares/ST/netxduo/addons/web/nx_web_http_server.c:7929:7:_nx_web_http_server_get_entity_content	0	static
/media/sanjai/New Volume/projects/wind turbine/stm32/STWINBX1_WIFI-main/Middlewares/ST/netxduo/addons/web/nx_web_http_server.c:8260:7:_nx_web_http_server_match_string	40	static
/media/sanjai/New Volume/projects/wind turbine/stm32/STWINBX1_WIFI-main/Middlewares/ST/netxduo/addons/web/nx_web_http_server.c:8388:7:_nx_web_http_server_field_value_get	36	static
/media/sanjai/New Volume/projects/wind turbine/stm32/STWINBX1_WIFI-main/Middlewares/ST/netxduo/addons/web/nx_web_http_server.c:8504:7:_nx_web_http_server_memicmp	8	static
/media/sanjai/New Volume/projects/wind turbine/stm32/STWINBX1_WIFI-main/Middlewares/ST/netxduo/addons/web/nx_web_http_server.c:8860:6:_nx_web_http_server_request_read	32	static
/media/sanjai/New Volume/projects/wind turbine/stm32/STWINBX1_WIFI-main/Middlewares/ST/netxduo/addons/web/nx_web_http_server.c:8970:6:_nx_web_http_server_request_byte_expect	24	static
/media/sanjai/New Volume/projects/wind turbine/stm32/STWINBX1_WIFI-main/Middlewares/ST/netxduo/addons/web/nx_web_http_server.c:9043:6:_nx_web_http_server_chunked_size_get	48	static
/media/sanjai/New Volume/projects/wind turbine/stm32/STWINBX1_WIFI-main/Middlewares/ST/netxduo/addons/web/nx_web_http_server.c:9187:6:_nx_web_http_server_request_chunked_get	56	static
/media/sanjai/New Volume/projects/wind turbine/stm32/STWINBX1_WIFI-main/Middlewares/ST/netxduo/addons/web/nx_web_http_server.c:593:6:_nx_web_http_server_packet_get	24	static
/media/sanjai/New Volume/projects/wind turbine/stm32/STWINBX1_WIFI-main/Middlewares/ST/netxduo/addons/web/nx_web_http_server.c:533:7:_nxe_web_http_server_packet_get	24	static
/media/sanjai/New Volume/projects/wind turbine/stm32/STWINBX1_WIFI-main/Middlewares/ST/netxduo/addons/web/nx_web_http_server.c:9490:6:_nx_web_http_server_response_chunked_set	56	static
/media/sanjai/New Volume/projects/wind turbine/stm32/STWINBX1_WIFI-main/Middlewares/ST/netxduo/addons/web/nx_web_http_server.c:9430:6:_nxe_web_http_server_response_chunked_set	0	static
/media/sanjai/New Volume/projects/wind turbine/stm32/STWINBX1_WIFI-main/Middlewares/ST/netxduo/addons/web/nx_web_http_server.c:9600:6:_nx_web_http_server_chunked_check	40	static
/media/sanjai/New Volume/projects/wind turbine/stm32/STWINBX1_WIFI-main/Middlewares/ST/netxduo/addons/web/nx_web_http_server.c:325:7:_nx_web_http_server_packet_content_find	64	static
/media/sanjai/New Volume/projects/wind turbine/stm32/STWINBX1_WIFI-main/Middlewares/ST/netxduo/addons/web/nx_web_http_server.c:254:7:_nxe_web_http_server_packet_content_find	12	static
/media/sanjai/New Volume/projects/wind turbine/stm32/STWINBX1_WIFI-main/Middlewares/ST/netxduo/addons/web/nx_web_http_server.c:764:7:_nx_web_http_server_content_get_extended	48	static
/media/sanjai/New Volume/projects/wind turbine/stm32/STWINBX1_WIFI-main/Middlewares/ST/netxduo/addons/web/nx_web_http_server.c:196:7:_nx_web_http_server_content_get	0	static
/media/sanjai/New Volume/projects/wind turbine/stm32/STWINBX1_WIFI-main/Middlewares/ST/netxduo/addons/web/nx_web_http_server.c:125:7:_nxe_web_http_server_content_get	24	static,ignoring_inline_asm
/media/sanjai/New Volume/projects/wind turbine/stm32/STWINBX1_WIFI-main/Middlewares/ST/netxduo/addons/web/nx_web_http_server.c:685:7:_nxe_web_http_server_content_get_extended	24	static,ignoring_inline_asm
/media/sanjai/New Volume/projects/wind turbine/stm32/STWINBX1_WIFI-main/Middlewares/ST/netxduo/addons/web/nx_web_http_server.c:9664:6:_nxe_web_http_server_response_packet_allocate	4	static
/media/sanjai/New Volume/projects/wind turbine/stm32/STWINBX1_WIFI-main/Middlewares/ST/netxduo/addons/web/nx_web_http_server.c:9727:6:_nx_web_http_server_response_packet_allocate	0	static
/media/sanjai/New Volume/projects/wind turbine/stm32/STWINBX1_WIFI-main/Middlewares/ST/netxduo/addons/web/nx_web_http_server.c:10083:7:_nxe_web_http_server_callback_packet_send	40	static
/media/sanjai/New Volume/projects/wind turbine/stm32/STWINBX1_WIFI-main/Middlewares/ST/netxduo/addons/web/nx_web_http_server.c:10135:7:_nx_web_http_server_callback_packet_send	40	static
/media/sanjai/New Volume/projects/wind turbine/stm32/STWINBX1_WIFI-main/Middlewares/ST/netxduo/addons/web/nx_web_http_server.c:10214:7:_nxe_web_http_server_gmt_callback_set	0	static,ignoring_inline_asm
/media/sanjai/New Volume/projects/wind turbine/stm32/STWINBX1_WIFI-main/Middlewares/ST/netxduo/addons/web/nx_web_http_server.c:10266:7:_nx_web_http_server_gmt_callback_set	0	static,ignoring_inline_asm
/media/sanjai/New Volume/projects/wind turbine/stm32/STWINBX1_WIFI-main/Middlewares/ST/netxduo/addons/web/nx_web_http_server.c:10325:7:_nxe_web_http_server_cache_info_callback_set	0	static,ignoring_inline_asm
/media/sanjai/New Volume/projects/wind turbine/stm32/STWINBX1_WIFI-main/Middlewares/ST/netxduo/addons/web/nx_web_http_server.c:10382:7:_nx_web_http_server_cache_info_callback_set	0	static,ignoring_inline_asm
/media/sanjai/New Volume/projects/wind turbine/stm32/STWINBX1_WIFI-main/Middlewares/ST/netxduo/addons/web/nx_web_http_server.c:10441:7:_nx_web_http_server_date_to_string	36	static
/media/sanjai/New Volume/projects/wind turbine/stm32/STWINBX1_WIFI-main/Middlewares/ST/netxduo/addons/web/nx_web_http_server.c:8600:7:_nx_web_http_server_generate_response_header	96	static
/media/sanjai/New Volume/projects/wind turbine/stm32/STWINBX1_WIFI-main/Middlewares/ST/netxduo/addons/web/nx_web_http_server.c:9859:7:_nx_web_http_server_callback_generate_response_header	72	static
/media/sanjai/New Volume/projects/wind turbine/stm32/STWINBX1_WIFI-main/Middlewares/ST/netxduo/addons/web/nx_web_http_server.c:10009:7:_nx_web_http_server_callback_generate_response_header_extended	72	static
/media/sanjai/New Volume/projects/wind turbine/stm32/STWINBX1_WIFI-main/Middlewares/ST/netxduo/addons/web/nx_web_http_server.c:5068:7:_nx_web_http_server_response_send	56	static
/media/sanjai/New Volume/projects/wind turbine/stm32/STWINBX1_WIFI-main/Middlewares/ST/netxduo/addons/web/nx_web_http_server.c:2816:7:_nx_web_http_server_callback_response_send	56	static
/media/sanjai/New Volume/projects/wind turbine/stm32/STWINBX1_WIFI-main/Middlewares/ST/netxduo/addons/web/nx_web_http_server.c:2972:6:_nx_web_http_server_callback_response_send_extended	64	static
/media/sanjai/New Volume/projects/wind turbine/stm32/STWINBX1_WIFI-main/Middlewares/ST/netxduo/addons/web/nx_web_http_server.c:2748:7:_nxe_web_http_server_callback_response_send	56	static,ignoring_inline_asm
/media/sanjai/New Volume/projects/wind turbine/stm32/STWINBX1_WIFI-main/Middlewares/ST/netxduo/addons/web/nx_web_http_server.c:2891:6:_nxe_web_http_server_callback_response_send_extended	56	static,ignoring_inline_asm
/media/sanjai/New Volume/projects/wind turbine/stm32/STWINBX1_WIFI-main/Middlewares/ST/netxduo/addons/web/nx_web_http_server.c:9797:7:_nxe_web_http_server_callback_generate_response_header	64	static
/media/sanjai/New Volume/projects/wind turbine/stm32/STWINBX1_WIFI-main/Middlewares/ST/netxduo/addons/web/nx_web_http_server.c:9932:7:_nxe_web_http_server_callback_generate_response_header_extended	64	static,ignoring_inline_asm
/media/sanjai/New Volume/projects/wind turbine/stm32/STWINBX1_WIFI-main/Middlewares/ST/netxduo/addons/web/nx_web_http_server.c:4714:7:_nx_web_http_server_delete_process	112	static
/media/sanjai/New Volume/projects/wind turbine/stm32/STWINBX1_WIFI-main/Middlewares/ST/netxduo/addons/web/nx_web_http_server.c:4214:7:_nx_web_http_server_put_process	120	static
/media/sanjai/New Volume/projects/wind turbine/stm32/STWINBX1_WIFI-main/Middlewares/ST/netxduo/addons/web/nx_web_http_server.c:3671:7:_nx_web_http_server_get_process	208	static
/media/sanjai/New Volume/projects/wind turbine/stm32/STWINBX1_WIFI-main/Middlewares/ST/netxduo/addons/web/nx_web_http_server.c:10532:7:_nx_web_http_server_date_convert	4	static
/media/sanjai/New Volume/projects/wind turbine/stm32/STWINBX1_WIFI-main/Middlewares/ST/netxduo/addons/web/nx_web_http_server.c:10599:7:_nxe_web_http_server_mime_maps_additional_set	4	static,ignoring_inline_asm
/media/sanjai/New Volume/projects/wind turbine/stm32/STWINBX1_WIFI-main/Middlewares/ST/netxduo/addons/web/nx_web_http_server.c:10651:7:_nx_web_http_server_mime_maps_additional_set	0	static,ignoring_inline_asm
/media/sanjai/New Volume/projects/wind turbine/stm32/STWINBX1_WIFI-main/Middlewares/ST/netxduo/addons/web/nx_web_http_server.c:10712:7:_nx_web_http_server_get_client_keepalive	40	static
/media/sanjai/New Volume/projects/wind turbine/stm32/STWINBX1_WIFI-main/Middlewares/ST/netxduo/addons/web/nx_web_http_server.c:3168:7:_nx_web_http_server_receive_data	48	static
/media/sanjai/New Volume/projects/wind turbine/stm32/STWINBX1_WIFI-main/Middlewares/ST/netxduo/addons/web/nx_web_http_server.c:10829:7:_nx_web_http_server_send	0	static
/media/sanjai/New Volume/projects/wind turbine/stm32/STWINBX1_WIFI-main/Middlewares/ST/netxduo/addons/web/nx_web_http_server.c:10910:7:_nx_web_http_server_receive	0	static
/media/sanjai/New Volume/projects/wind turbine/stm32/STWINBX1_WIFI-main/Middlewares/ST/netxduo/addons/web/nx_web_http_server.c:10989:6:_nx_web_http_server_connection_reset	16	static
/media/sanjai/New Volume/projects/wind turbine/stm32/STWINBX1_WIFI-main/Middlewares/ST/netxduo/addons/web/nx_web_http_server.c:11052:6:_nx_web_http_server_connection_disconnect	8	static
/media/sanjai/New Volume/projects/wind turbine/stm32/STWINBX1_WIFI-main/Middlewares/ST/netxduo/addons/web/nx_web_http_server.c:11146:6:_nxe_web_http_server_digest_authenticate_notify_set	0	static
/media/sanjai/New Volume/projects/wind turbine/stm32/STWINBX1_WIFI-main/Middlewares/ST/netxduo/addons/web/nx_web_http_server.c:11211:6:_nx_web_http_server_digest_authenticate_notify_set	0	static
/media/sanjai/New Volume/projects/wind turbine/stm32/STWINBX1_WIFI-main/Middlewares/ST/netxduo/addons/web/nx_web_http_server.c:11275:7:_nxe_web_http_server_authentication_check_set	4	static,ignoring_inline_asm
/media/sanjai/New Volume/projects/wind turbine/stm32/STWINBX1_WIFI-main/Middlewares/ST/netxduo/addons/web/nx_web_http_server.c:11345:6:_nx_web_http_server_authentication_check_set	0	static
